Archive member included to satisfy reference by file (symbol)

c:/program files (x86)/gnu arm embedded toolchain/10 2021.10/bin/../lib/gcc/arm-none-eabi/10.3.1/../../../../arm-none-eabi/lib/thumb/v7e-m+fp/hard\libc.a(lib_a-exit.o)
                              c:/program files (x86)/gnu arm embedded toolchain/10 2021.10/bin/../lib/gcc/arm-none-eabi/10.3.1/../../../../arm-none-eabi/lib/thumb/v7e-m+fp/hard/crt0.o (exit)
c:/program files (x86)/gnu arm embedded toolchain/10 2021.10/bin/../lib/gcc/arm-none-eabi/10.3.1/../../../../arm-none-eabi/lib/thumb/v7e-m+fp/hard\libc.a(lib_a-impure.o)
                              c:/program files (x86)/gnu arm embedded toolchain/10 2021.10/bin/../lib/gcc/arm-none-eabi/10.3.1/../../../../arm-none-eabi/lib/thumb/v7e-m+fp/hard\libc.a(lib_a-exit.o) (_global_impure_ptr)
c:/program files (x86)/gnu arm embedded toolchain/10 2021.10/bin/../lib/gcc/arm-none-eabi/10.3.1/../../../../arm-none-eabi/lib/thumb/v7e-m+fp/hard\libc.a(lib_a-init.o)
                              c:/program files (x86)/gnu arm embedded toolchain/10 2021.10/bin/../lib/gcc/arm-none-eabi/10.3.1/../../../../arm-none-eabi/lib/thumb/v7e-m+fp/hard/crt0.o (__libc_init_array)
c:/program files (x86)/gnu arm embedded toolchain/10 2021.10/bin/../lib/gcc/arm-none-eabi/10.3.1/../../../../arm-none-eabi/lib/thumb/v7e-m+fp/hard\libc.a(lib_a-memset.o)
                              c:/program files (x86)/gnu arm embedded toolchain/10 2021.10/bin/../lib/gcc/arm-none-eabi/10.3.1/../../../../arm-none-eabi/lib/thumb/v7e-m+fp/hard/crt0.o (memset)
c:/program files (x86)/gnu arm embedded toolchain/10 2021.10/bin/../lib/gcc/arm-none-eabi/10.3.1/../../../../arm-none-eabi/lib/thumb/v7e-m+fp/hard\libc.a(lib_a-__call_atexit.o)
                              c:/program files (x86)/gnu arm embedded toolchain/10 2021.10/bin/../lib/gcc/arm-none-eabi/10.3.1/../../../../arm-none-eabi/lib/thumb/v7e-m+fp/hard\libc.a(lib_a-exit.o) (__call_exitprocs)
c:/program files (x86)/gnu arm embedded toolchain/10 2021.10/bin/../lib/gcc/arm-none-eabi/10.3.1/../../../../arm-none-eabi/lib/thumb/v7e-m+fp/hard\libc.a(lib_a-atexit.o)
                              c:/program files (x86)/gnu arm embedded toolchain/10 2021.10/bin/../lib/gcc/arm-none-eabi/10.3.1/../../../../arm-none-eabi/lib/thumb/v7e-m+fp/hard\libc.a(lib_a-__call_atexit.o) (atexit)
c:/program files (x86)/gnu arm embedded toolchain/10 2021.10/bin/../lib/gcc/arm-none-eabi/10.3.1/../../../../arm-none-eabi/lib/thumb/v7e-m+fp/hard\libc.a(lib_a-fini.o)
                              c:/program files (x86)/gnu arm embedded toolchain/10 2021.10/bin/../lib/gcc/arm-none-eabi/10.3.1/../../../../arm-none-eabi/lib/thumb/v7e-m+fp/hard\libc.a(lib_a-__call_atexit.o) (__libc_fini_array)
c:/program files (x86)/gnu arm embedded toolchain/10 2021.10/bin/../lib/gcc/arm-none-eabi/10.3.1/../../../../arm-none-eabi/lib/thumb/v7e-m+fp/hard\libc.a(lib_a-lock.o)
                              c:/program files (x86)/gnu arm embedded toolchain/10 2021.10/bin/../lib/gcc/arm-none-eabi/10.3.1/../../../../arm-none-eabi/lib/thumb/v7e-m+fp/hard\libc.a(lib_a-__call_atexit.o) (__retarget_lock_acquire_recursive)
c:/program files (x86)/gnu arm embedded toolchain/10 2021.10/bin/../lib/gcc/arm-none-eabi/10.3.1/../../../../arm-none-eabi/lib/thumb/v7e-m+fp/hard\libc.a(lib_a-__atexit.o)
                              c:/program files (x86)/gnu arm embedded toolchain/10 2021.10/bin/../lib/gcc/arm-none-eabi/10.3.1/../../../../arm-none-eabi/lib/thumb/v7e-m+fp/hard\libc.a(lib_a-atexit.o) (__register_exitproc)
c:/program files (x86)/gnu arm embedded toolchain/10 2021.10/bin/../lib/gcc/arm-none-eabi/10.3.1/../../../../arm-none-eabi/lib/thumb/v7e-m+fp/hard\libnosys.a(_exit.o)
                              c:/program files (x86)/gnu arm embedded toolchain/10 2021.10/bin/../lib/gcc/arm-none-eabi/10.3.1/../../../../arm-none-eabi/lib/thumb/v7e-m+fp/hard\libc.a(lib_a-exit.o) (_exit)

Discarded input sections

 .text          0x00000000        0x0 c:/program files (x86)/gnu arm embedded toolchain/10 2021.10/bin/../lib/gcc/arm-none-eabi/10.3.1/thumb/v7e-m+fp/hard/crti.o
 .data          0x00000000        0x0 c:/program files (x86)/gnu arm embedded toolchain/10 2021.10/bin/../lib/gcc/arm-none-eabi/10.3.1/thumb/v7e-m+fp/hard/crti.o
 .bss           0x00000000        0x0 c:/program files (x86)/gnu arm embedded toolchain/10 2021.10/bin/../lib/gcc/arm-none-eabi/10.3.1/thumb/v7e-m+fp/hard/crti.o
 .data          0x00000000        0x4 c:/program files (x86)/gnu arm embedded toolchain/10 2021.10/bin/../lib/gcc/arm-none-eabi/10.3.1/thumb/v7e-m+fp/hard/crtbegin.o
 .rodata        0x00000000       0x24 c:/program files (x86)/gnu arm embedded toolchain/10 2021.10/bin/../lib/gcc/arm-none-eabi/10.3.1/thumb/v7e-m+fp/hard/crtbegin.o
 .text          0x00000000       0x7c c:/program files (x86)/gnu arm embedded toolchain/10 2021.10/bin/../lib/gcc/arm-none-eabi/10.3.1/../../../../arm-none-eabi/lib/thumb/v7e-m+fp/hard/crt0.o
[...]
Memory Configuration

Name             Origin             Length             Attributes
RAM              0x20000000         0x00020000         xrw
FLASH            0x08000000         0x00080000         xr
*default*        0x00000000         0xffffffff

Linker script and memory map

LOAD c:/program files (x86)/gnu arm embedded toolchain/10 2021.10/bin/../lib/gcc/arm-none-eabi/10.3.1/thumb/v7e-m+fp/hard/crti.o
LOAD c:/program files (x86)/gnu arm embedded toolchain/10 2021.10/bin/../lib/gcc/arm-none-eabi/10.3.1/thumb/v7e-m+fp/hard/crtbegin.o
LOAD c:/program files (x86)/gnu arm embedded toolchain/10 2021.10/bin/../lib/gcc/arm-none-eabi/10.3.1/../../../../arm-none-eabi/lib/thumb/v7e-m+fp/hard/crt0.o
LOAD c:/program files (x86)/gnu arm embedded toolchain/10 2021.10/bin/../lib/gcc/arm-none-eabi/10.3.1/../../../../arm-none-eabi/lib/thumb/v7e-m+fp/hard\libc.a
LOAD c:/program files (x86)/gnu arm embedded toolchain/10 2021.10/bin/../lib/gcc/arm-none-eabi/10.3.1/../../../../arm-none-eabi/lib/thumb/v7e-m+fp/hard\libm.a
LOAD c:/program files (x86)/gnu arm embedded toolchain/10 2021.10/bin/../lib/gcc/arm-none-eabi/10.3.1/../../../../arm-none-eabi/lib/thumb/v7e-m+fp/hard\libnosys.a
LOAD CMakeFiles/ZUMO-ROBOT.out.dir/Drivers/STM32G4xx_HAL_Driver/Src/stm32g4xx_hal_tim.c.obj
LOAD CMakeFiles/ZUMO-ROBOT.out.dir/Drivers/STM32G4xx_HAL_Driver/Src/stm32g4xx_hal_tim_ex.c.obj
LOAD CMakeFiles/ZUMO-ROBOT.out.dir/Drivers/STM32G4xx_HAL_Driver/Src/stm32g4xx_hal_uart.c.obj
LOAD CMakeFiles/ZUMO-ROBOT.out.dir/Drivers/STM32G4xx_HAL_Driver/Src/stm32g4xx_hal_rcc.c.obj
LOAD CMakeFiles/ZUMO-ROBOT.out.dir/Drivers/STM32G4xx_HAL_Driver/Src/stm32g4xx_hal_rcc_ex.c.obj
LOAD CMakeFiles/ZUMO-ROBOT.out.dir/Drivers/STM32G4xx_HAL_Driver/Src/stm32g4xx_hal_flash.c.obj
LOAD CMakeFiles/ZUMO-ROBOT.out.dir/Drivers/STM32G4xx_HAL_Driver/Src/stm32g4xx_hal_flash_ex.c.obj
LOAD CMakeFiles/ZUMO-ROBOT.out.dir/Drivers/STM32G4xx_HAL_Driver/Src/stm32g4xx_hal_flash_ramfunc.c.obj
LOAD CMakeFiles/ZUMO-ROBOT.out.dir/Drivers/STM32G4xx_HAL_Driver/Src/stm32g4xx_hal_gpio.c.obj
LOAD CMakeFiles/ZUMO-ROBOT.out.dir/Drivers/STM32G4xx_HAL_Driver/Src/stm32g4xx_hal_dma_ex.c.obj
LOAD CMakeFiles/ZUMO-ROBOT.out.dir/Drivers/STM32G4xx_HAL_Driver/Src/stm32g4xx_hal_dma.c.obj
LOAD CMakeFiles/ZUMO-ROBOT.out.dir/Drivers/STM32G4xx_HAL_Driver/Src/stm32g4xx_hal_pwr.c.obj
LOAD CMakeFiles/ZUMO-ROBOT.out.dir/Drivers/STM32G4xx_HAL_Driver/Src/stm32g4xx_hal_pwr_ex.c.obj
LOAD CMakeFiles/ZUMO-ROBOT.out.dir/Drivers/STM32G4xx_HAL_Driver/Src/stm32g4xx_hal_cortex.c.obj
LOAD CMakeFiles/ZUMO-ROBOT.out.dir/Drivers/STM32G4xx_HAL_Driver/Src/stm32g4xx_hal.c.obj
LOAD CMakeFiles/ZUMO-ROBOT.out.dir/Drivers/STM32G4xx_HAL_Driver/Src/stm32g4xx_hal_exti.c.obj
LOAD CMakeFiles/ZUMO-ROBOT.out.dir/Drivers/STM32G4xx_HAL_Driver/Src/stm32g4xx_hal_pcd.c.obj
LOAD CMakeFiles/ZUMO-ROBOT.out.dir/Drivers/STM32G4xx_HAL_Driver/Src/stm32g4xx_hal_pcd_ex.c.obj
LOAD CMakeFiles/ZUMO-ROBOT.out.dir/Drivers/STM32G4xx_HAL_Driver/Src/stm32g4xx_ll_usb.c.obj
LOAD CMakeFiles/ZUMO-ROBOT.out.dir/Core/Src/main.c.obj
LOAD CMakeFiles/ZUMO-ROBOT.out.dir/Core/Src/stm32g4xx_hal_msp.c.obj
LOAD CMakeFiles/ZUMO-ROBOT.out.dir/Core/Src/stm32g4xx_it.c.obj
LOAD CMakeFiles/ZUMO-ROBOT.out.dir/Core/Src/system_stm32g4xx.c.obj
LOAD CMakeFiles/ZUMO-ROBOT.out.dir/startup_stm32g474xx.s.obj
START GROUP
LOAD c:/program files (x86)/gnu arm embedded toolchain/10 2021.10/bin/../lib/gcc/arm-none-eabi/10.3.1/thumb/v7e-m+fp/hard\libgcc.a
LOAD c:/program files (x86)/gnu arm embedded toolchain/10 2021.10/bin/../lib/gcc/arm-none-eabi/10.3.1/../../../../arm-none-eabi/lib/thumb/v7e-m+fp/hard\libg.a
LOAD c:/program files (x86)/gnu arm embedded toolchain/10 2021.10/bin/../lib/gcc/arm-none-eabi/10.3.1/../../../../arm-none-eabi/lib/thumb/v7e-m+fp/hard\libc.a
END GROUP
LOAD c:/program files (x86)/gnu arm embedded toolchain/10 2021.10/bin/../lib/gcc/arm-none-eabi/10.3.1/thumb/v7e-m+fp/hard/crtend.o
LOAD c:/program files (x86)/gnu arm embedded toolchain/10 2021.10/bin/../lib/gcc/arm-none-eabi/10.3.1/thumb/v7e-m+fp/hard/crtn.o
                0x20020000                _estack = (ORIGIN (RAM) + LENGTH (RAM))
                0x00000200                _Min_Heap_Size = 0x200
                0x00000400                _Min_Stack_Size = 0x400

.isr_vector     0x08000000      0x1d8
                0x08000000                . = ALIGN (0x4)
 *(.isr_vector)
 .isr_vector    0x08000000      0x1d8 CMakeFiles/ZUMO-ROBOT.out.dir/startup_stm32g474xx.s.obj
                0x08000000                g_pfnVectors
                0x080001d8                . = ALIGN (0x4)

.text           0x080001d8      0xd78
                0x080001d8                . = ALIGN (0x4)
 *(.text)
 .text          0x080001d8       0x40 c:/program files (x86)/gnu arm embedded toolchain/10 2021.10/bin/../lib/gcc/arm-none-eabi/10.3.1/thumb/v7e-m+fp/hard/crtbegin.o
 *(.text*)
 .text.__libc_init_array
                0x08000218       0x48 c:/program files (x86)/gnu arm embedded toolchain/10 2021.10/bin/../lib/gcc/arm-none-eabi/10.3.1/../../../../arm-none-eabi/lib/thumb/v7e-m+fp/hard\libc.a(lib_a-init.o)
                0x08000218                __libc_init_array
 .text.memset   0x08000260       0xa4 c:/program files (x86)/gnu arm embedded toolchain/10 2021.10/bin/../lib/gcc/arm-none-eabi/10.3.1/../../../../arm-none-eabi/lib/thumb/v7e-m+fp/hard\libc.a(lib_a-memset.o)
                0x08000260                memset
 .text.startup.register_fini
                0x08000304       0x14 c:/program files (x86)/gnu arm embedded toolchain/10 2021.10/bin/../lib/gcc/arm-none-eabi/10.3.1/../../../../arm-none-eabi/lib/thumb/v7e-m+fp/hard\libc.a(lib_a-__call_atexit.o)
 .text.atexit   0x08000318        0xc c:/program files (x86)/gnu arm embedded toolchain/10 2021.10/bin/../lib/gcc/arm-none-eabi/10.3.1/../../../../arm-none-eabi/lib/thumb/v7e-m+fp/hard\libc.a(lib_a-atexit.o)
                0x08000318                atexit
 .text.__libc_fini_array
                0x08000324       0x2c c:/program files (x86)/gnu arm embedded toolchain/10 2021.10/bin/../lib/gcc/arm-none-eabi/10.3.1/../../../../arm-none-eabi/lib/thumb/v7e-m+fp/hard\libc.a(lib_a-fini.o)
                0x08000324                __libc_fini_array
 .text.__retarget_lock_acquire_recursive
                0x08000350        0x4 c:/program files (x86)/gnu arm embedded toolchain/10 2021.10/bin/../lib/gcc/arm-none-eabi/10.3.1/../../../../arm-none-eabi/lib/thumb/v7e-m+fp/hard\libc.a(lib_a-lock.o)
                0x08000350                __retarget_lock_acquire_recursive
 .text.__retarget_lock_release_recursive
                0x08000354        0x4 c:/program files (x86)/gnu arm embedded toolchain/10 2021.10/bin/../lib/gcc/arm-none-eabi/10.3.1/../../../../arm-none-eabi/lib/thumb/v7e-m+fp/hard\libc.a(lib_a-lock.o)
                0x08000354                __retarget_lock_release_recursive
 .text.__register_exitproc
                0x08000358       0x8c c:/program files (x86)/gnu arm embedded toolchain/10 2021.10/bin/../lib/gcc/arm-none-eabi/10.3.1/../../../../arm-none-eabi/lib/thumb/v7e-m+fp/hard\libc.a(lib_a-__atexit.o)
                0x08000358                __register_exitproc
 .text.RCC_GetSysClockFreqFromPLLSource
                0x080003e4       0x58 CMakeFiles/ZUMO-ROBOT.out.dir/Drivers/STM32G4xx_HAL_Driver/Src/stm32g4xx_hal_rcc.c.obj
 .text.HAL_RCC_OscConfig
                0x0800043c      0x4e8 CMakeFiles/ZUMO-ROBOT.out.dir/Drivers/STM32G4xx_HAL_Driver/Src/stm32g4xx_hal_rcc.c.obj
                0x0800043c                HAL_RCC_OscConfig
 .text.HAL_RCC_GetSysClockFreq
                0x08000924       0x88 CMakeFiles/ZUMO-ROBOT.out.dir/Drivers/STM32G4xx_HAL_Driver/Src/stm32g4xx_hal_rcc.c.obj
                0x08000924                HAL_RCC_GetSysClockFreq
 .text.HAL_RCC_ClockConfig
                0x080009ac      0x1f8 CMakeFiles/ZUMO-ROBOT.out.dir/Drivers/STM32G4xx_HAL_Driver/Src/stm32g4xx_hal_rcc.c.obj
                0x080009ac                HAL_RCC_ClockConfig
 .text.HAL_PWREx_ControlVoltageScaling
                0x08000ba4      0x10c CMakeFiles/ZUMO-ROBOT.out.dir/Drivers/STM32G4xx_HAL_Driver/Src/stm32g4xx_hal_pwr_ex.c.obj
                0x08000ba4                HAL_PWREx_ControlVoltageScaling
 .text.HAL_PWREx_DisableUCPDDeadBattery
                0x08000cb0       0x10 CMakeFiles/ZUMO-ROBOT.out.dir/Drivers/STM32G4xx_HAL_Driver/Src/stm32g4xx_hal_pwr_ex.c.obj
                0x08000cb0                HAL_PWREx_DisableUCPDDeadBattery
 .text.HAL_NVIC_SetPriorityGrouping
                0x08000cc0       0x24 CMakeFiles/ZUMO-ROBOT.out.dir/Drivers/STM32G4xx_HAL_Driver/Src/stm32g4xx_hal_cortex.c.obj
                0x08000cc0                HAL_NVIC_SetPriorityGrouping
 .text.HAL_NVIC_SetPriority
                0x08000ce4       0x70 CMakeFiles/ZUMO-ROBOT.out.dir/Drivers/STM32G4xx_HAL_Driver/Src/stm32g4xx_hal_cortex.c.obj
                0x08000ce4                HAL_NVIC_SetPriority
 .text.HAL_SYSTICK_Config
                0x08000d54       0x28 CMakeFiles/ZUMO-ROBOT.out.dir/Drivers/STM32G4xx_HAL_Driver/Src/stm32g4xx_hal_cortex.c.obj
                0x08000d54                HAL_SYSTICK_Config
 .text.HAL_InitTick
                0x08000d7c       0x50 CMakeFiles/ZUMO-ROBOT.out.dir/Drivers/STM32G4xx_HAL_Driver/Src/stm32g4xx_hal.c.obj
                0x08000d7c                HAL_InitTick
 .text.HAL_Init
                0x08000dcc       0x1e CMakeFiles/ZUMO-ROBOT.out.dir/Drivers/STM32G4xx_HAL_Driver/Src/stm32g4xx_hal.c.obj
                0x08000dcc                HAL_Init
 *fill*         0x08000dea        0x2 
 .text.HAL_IncTick
                0x08000dec       0x18 CMakeFiles/ZUMO-ROBOT.out.dir/Drivers/STM32G4xx_HAL_Driver/Src/stm32g4xx_hal.c.obj
                0x08000dec                HAL_IncTick
 .text.HAL_GetTick
                0x08000e04        0xc CMakeFiles/ZUMO-ROBOT.out.dir/Drivers/STM32G4xx_HAL_Driver/Src/stm32g4xx_hal.c.obj
                0x08000e04                HAL_GetTick
 .text.Error_Handler
                0x08000e10        0x4 CMakeFiles/ZUMO-ROBOT.out.dir/Core/Src/main.c.obj
                0x08000e10                Error_Handler
 .text.SystemClock_Config
                0x08000e14       0x5e CMakeFiles/ZUMO-ROBOT.out.dir/Core/Src/main.c.obj
                0x08000e14                SystemClock_Config
 .text.main     0x08000e72        0xc CMakeFiles/ZUMO-ROBOT.out.dir/Core/Src/main.c.obj
                0x08000e72                main
 *fill*         0x08000e7e        0x2 
 .text.HAL_MspInit
                0x08000e80       0x38 CMakeFiles/ZUMO-ROBOT.out.dir/Core/Src/stm32g4xx_hal_msp.c.obj
                0x08000e80                HAL_MspInit
 .text.NMI_Handler
                0x08000eb8        0x2 CMakeFiles/ZUMO-ROBOT.out.dir/Core/Src/stm32g4xx_it.c.obj
                0x08000eb8                NMI_Handler
 .text.HardFault_Handler
                0x08000eba        0x2 CMakeFiles/ZUMO-ROBOT.out.dir/Core/Src/stm32g4xx_it.c.obj
                0x08000eba                HardFault_Handler
 .text.MemManage_Handler
                0x08000ebc        0x2 CMakeFiles/ZUMO-ROBOT.out.dir/Core/Src/stm32g4xx_it.c.obj
                0x08000ebc                MemManage_Handler
 .text.BusFault_Handler
                0x08000ebe        0x2 CMakeFiles/ZUMO-ROBOT.out.dir/Core/Src/stm32g4xx_it.c.obj
                0x08000ebe                BusFault_Handler
 .text.UsageFault_Handler
                0x08000ec0        0x2 CMakeFiles/ZUMO-ROBOT.out.dir/Core/Src/stm32g4xx_it.c.obj
                0x08000ec0                UsageFault_Handler
 .text.SVC_Handler
                0x08000ec2        0x2 CMakeFiles/ZUMO-ROBOT.out.dir/Core/Src/stm32g4xx_it.c.obj
                0x08000ec2                SVC_Handler
 .text.DebugMon_Handler
                0x08000ec4        0x2 CMakeFiles/ZUMO-ROBOT.out.dir/Core/Src/stm32g4xx_it.c.obj
                0x08000ec4                DebugMon_Handler
 .text.PendSV_Handler
                0x08000ec6        0x2 CMakeFiles/ZUMO-ROBOT.out.dir/Core/Src/stm32g4xx_it.c.obj
                0x08000ec6                PendSV_Handler
 .text.SysTick_Handler
                0x08000ec8        0x8 CMakeFiles/ZUMO-ROBOT.out.dir/Core/Src/stm32g4xx_it.c.obj
                0x08000ec8                SysTick_Handler
 .text.SystemInit
                0x08000ed0       0x14 CMakeFiles/ZUMO-ROBOT.out.dir/Core/Src/system_stm32g4xx.c.obj
                0x08000ed0                SystemInit
 .text.Reset_Handler
                0x08000ee4       0x50 CMakeFiles/ZUMO-ROBOT.out.dir/startup_stm32g474xx.s.obj
                0x08000ee4                Reset_Handler
 .text.Default_Handler
                0x08000f34        0x2 CMakeFiles/ZUMO-ROBOT.out.dir/startup_stm32g474xx.s.obj
                0x08000f34                RTC_Alarm_IRQHandler
                0x08000f34                EXTI2_IRQHandler
                0x08000f34                TIM8_TRG_COM_IRQHandler
                0x08000f34                TIM8_CC_IRQHandler
                0x08000f34                HRTIM1_Master_IRQHandler
                0x08000f34                SPI4_IRQHandler
                0x08000f34                FDCAN3_IT0_IRQHandler
                0x08000f34                TIM1_CC_IRQHandler
                0x08000f34                HRTIM1_FLT_IRQHandler
                0x08000f34                HRTIM1_TIMF_IRQHandler
                0x08000f34                USB_HP_IRQHandler
                0x08000f34                CORDIC_IRQHandler
                0x08000f34                HRTIM1_TIMD_IRQHandler
                0x08000f34                DMA2_Channel8_IRQHandler
                0x08000f34                EXTI3_IRQHandler
                0x08000f34                I2C3_ER_IRQHandler
                0x08000f34                EXTI0_IRQHandler
                0x08000f34                I2C2_EV_IRQHandler
                0x08000f34                FPU_IRQHandler
                0x08000f34                FDCAN1_IT1_IRQHandler
                0x08000f34                TIM1_UP_TIM16_IRQHandler
                0x08000f34                ADC1_2_IRQHandler
                0x08000f34                HRTIM1_TIME_IRQHandler
                0x08000f34                SPI1_IRQHandler
                0x08000f34                TIM6_DAC_IRQHandler
                0x08000f34                HRTIM1_TIMC_IRQHandler
                0x08000f34                TIM8_UP_IRQHandler
                0x08000f34                DMA2_Channel2_IRQHandler
                0x08000f34                DMA1_Channel4_IRQHandler
                0x08000f34                TIM20_TRG_COM_IRQHandler
                0x08000f34                USART3_IRQHandler
                0x08000f34                DMA1_Channel7_IRQHandler
                0x08000f34                UART5_IRQHandler
                0x08000f34                ADC3_IRQHandler
                0x08000f34                TIM4_IRQHandler
                0x08000f34                DMA2_Channel1_IRQHandler
                0x08000f34                QUADSPI_IRQHandler
                0x08000f34                I2C1_EV_IRQHandler
                0x08000f34                DMA1_Channel6_IRQHandler
                0x08000f34                UART4_IRQHandler
                0x08000f34                DMA2_Channel4_IRQHandler
                0x08000f34                TIM3_IRQHandler
                0x08000f34                RCC_IRQHandler
                0x08000f34                TIM20_UP_IRQHandler
                0x08000f34                DMA1_Channel1_IRQHandler
                0x08000f34                Default_Handler
                0x08000f34                DMA2_Channel7_IRQHandler
                0x08000f34                RTC_TAMP_LSECSS_IRQHandler
                0x08000f34                FMAC_IRQHandler
                0x08000f34                EXTI15_10_IRQHandler
                0x08000f34                DMA1_Channel8_IRQHandler
                0x08000f34                HRTIM1_TIMA_IRQHandler
                0x08000f34                TIM7_DAC_IRQHandler
                0x08000f34                FDCAN3_IT1_IRQHandler
                0x08000f34                TIM5_IRQHandler
                0x08000f34                UCPD1_IRQHandler
                0x08000f34                I2C3_EV_IRQHandler
                0x08000f34                EXTI9_5_IRQHandler
                0x08000f34                RTC_WKUP_IRQHandler
                0x08000f34                PVD_PVM_IRQHandler
                0x08000f34                SPI2_IRQHandler
                0x08000f34                ADC5_IRQHandler
                0x08000f34                DMA2_Channel5_IRQHandler
                0x08000f34                CRS_IRQHandler
                0x08000f34                DMA1_Channel5_IRQHandler
                0x08000f34                USB_LP_IRQHandler
                0x08000f34                EXTI4_IRQHandler
                0x08000f34                RNG_IRQHandler
                0x08000f34                HRTIM1_TIMB_IRQHandler
                0x08000f34                TIM1_TRG_COM_TIM17_IRQHandler
                0x08000f34                FDCAN2_IT1_IRQHandler
                0x08000f34                DMA1_Channel3_IRQHandler
                0x08000f34                ADC4_IRQHandler
                0x08000f34                WWDG_IRQHandler
                0x08000f34                I2C4_EV_IRQHandler
                0x08000f34                FDCAN2_IT0_IRQHandler
                0x08000f34                LPUART1_IRQHandler
                0x08000f34                DMA2_Channel6_IRQHandler
                0x08000f34                FDCAN1_IT0_IRQHandler
                0x08000f34                TIM2_IRQHandler
                0x08000f34                COMP7_IRQHandler
                0x08000f34                COMP1_2_3_IRQHandler
                0x08000f34                EXTI1_IRQHandler
                0x08000f34                USART2_IRQHandler
                0x08000f34                COMP4_5_6_IRQHandler
                0x08000f34                TIM20_BRK_IRQHandler
                0x08000f34                I2C2_ER_IRQHandler
                0x08000f34                DMA1_Channel2_IRQHandler
                0x08000f34                TIM8_BRK_IRQHandler
                0x08000f34                FLASH_IRQHandler
                0x08000f34                TIM20_CC_IRQHandler
                0x08000f34                USART1_IRQHandler
                0x08000f34                SPI3_IRQHandler
                0x08000f34                I2C1_ER_IRQHandler
                0x08000f34                FMC_IRQHandler
                0x08000f34                LPTIM1_IRQHandler
                0x08000f34                DMAMUX_OVR_IRQHandler
                0x08000f34                I2C4_ER_IRQHandler
                0x08000f34                USBWakeUp_IRQHandler
                0x08000f34                SAI1_IRQHandler
                0x08000f34                DMA2_Channel3_IRQHandler
                0x08000f34                TIM1_BRK_TIM15_IRQHandler
 *(.glue_7)
 .glue_7        0x08000f36        0x0 linker stubs
 *(.glue_7t)
 .glue_7t       0x08000f36        0x0 linker stubs
 *(.eh_frame)
 *fill*         0x08000f36        0x2 
 .eh_frame      0x08000f38        0x0 c:/program files (x86)/gnu arm embedded toolchain/10 2021.10/bin/../lib/gcc/arm-none-eabi/10.3.1/thumb/v7e-m+fp/hard/crtbegin.o
 *(.init)
 .init          0x08000f38        0x4 c:/program files (x86)/gnu arm embedded toolchain/10 2021.10/bin/../lib/gcc/arm-none-eabi/10.3.1/thumb/v7e-m+fp/hard/crti.o
                0x08000f38                _init
 .init          0x08000f3c        0x8 c:/program files (x86)/gnu arm embedded toolchain/10 2021.10/bin/../lib/gcc/arm-none-eabi/10.3.1/thumb/v7e-m+fp/hard/crtn.o
 *(.fini)
 .fini          0x08000f44        0x4 c:/program files (x86)/gnu arm embedded toolchain/10 2021.10/bin/../lib/gcc/arm-none-eabi/10.3.1/thumb/v7e-m+fp/hard/crti.o
                0x08000f44                _fini
 .fini          0x08000f48        0x8 c:/program files (x86)/gnu arm embedded toolchain/10 2021.10/bin/../lib/gcc/arm-none-eabi/10.3.1/thumb/v7e-m+fp/hard/crtn.o
                0x08000f50                . = ALIGN (0x4)
                0x08000f50                _etext = .

.vfp11_veneer   0x08000f50        0x0
 .vfp11_veneer  0x08000f50        0x0 linker stubs

.v4_bx          0x08000f50        0x0
 .v4_bx         0x08000f50        0x0 linker stubs

.iplt           0x08000f50        0x0
 .iplt          0x08000f50        0x0 c:/program files (x86)/gnu arm embedded toolchain/10 2021.10/bin/../lib/gcc/arm-none-eabi/10.3.1/thumb/v7e-m+fp/hard/crtbegin.o

.rodata         0x08000f50       0x14
                0x08000f50                . = ALIGN (0x4)
 *(.rodata)
 *(.rodata*)
 .rodata._global_impure_ptr
                0x08000f50        0x4 c:/program files (x86)/gnu arm embedded toolchain/10 2021.10/bin/../lib/gcc/arm-none-eabi/10.3.1/../../../../arm-none-eabi/lib/thumb/v7e-m+fp/hard\libc.a(lib_a-impure.o)
                0x08000f50                _global_impure_ptr
 .rodata.AHBPrescTable
                0x08000f54       0x10 CMakeFiles/ZUMO-ROBOT.out.dir/Core/Src/system_stm32g4xx.c.obj
                0x08000f54                AHBPrescTable
                0x08000f64                . = ALIGN (0x4)

.rel.dyn        0x08000f64        0x0
 .rel.iplt      0x08000f64        0x0 c:/program files (x86)/gnu arm embedded toolchain/10 2021.10/bin/../lib/gcc/arm-none-eabi/10.3.1/thumb/v7e-m+fp/hard/crtbegin.o

.ARM.extab
 *(.ARM.extab* .gnu.linkonce.armextab.*)

.ARM            0x08000f64        0x0
                0x08000f64                __exidx_start = .
 *(.ARM.exidx*)
                0x08000f64                __exidx_end = .

.preinit_array  0x08000f64        0x0
                0x08000f64                PROVIDE (__preinit_array_start = .)
 *(.preinit_array*)
                0x08000f64                PROVIDE (__preinit_array_end = .)

.init_array     0x08000f64        0x8
                0x08000f64                PROVIDE (__init_array_start = .)
 *(SORT_BY_NAME(.init_array.*))
 .init_array.00000
                0x08000f64        0x4 c:/program files (x86)/gnu arm embedded toolchain/10 2021.10/bin/../lib/gcc/arm-none-eabi/10.3.1/../../../../arm-none-eabi/lib/thumb/v7e-m+fp/hard\libc.a(lib_a-__call_atexit.o)
 *(.init_array*)
 .init_array    0x08000f68        0x4 c:/program files (x86)/gnu arm embedded toolchain/10 2021.10/bin/../lib/gcc/arm-none-eabi/10.3.1/thumb/v7e-m+fp/hard/crtbegin.o
                0x08000f6c                PROVIDE (__init_array_end = .)

.fini_array     0x08000f6c        0x4
                0x08000f6c                PROVIDE (__fini_array_start = .)
 *(SORT_BY_NAME(.fini_array.*))
 *(.fini_array*)
 .fini_array    0x08000f6c        0x4 c:/program files (x86)/gnu arm embedded toolchain/10 2021.10/bin/../lib/gcc/arm-none-eabi/10.3.1/thumb/v7e-m+fp/hard/crtbegin.o
                0x08000f70                PROVIDE (__fini_array_end = .)
                0x08000f70                _sidata = LOADADDR (.data)

.data           0x20000000      0x438 load address 0x08000f70
                0x20000000                . = ALIGN (0x4)
                0x20000000                _sdata = .
 *(.data)
 *(.data*)
 .data.impure_data
                0x20000000      0x428 c:/program files (x86)/gnu arm embedded toolchain/10 2021.10/bin/../lib/gcc/arm-none-eabi/10.3.1/../../../../arm-none-eabi/lib/thumb/v7e-m+fp/hard\libc.a(lib_a-impure.o)
 .data.__atexit_recursive_mutex
                0x20000428        0x4 c:/program files (x86)/gnu arm embedded toolchain/10 2021.10/bin/../lib/gcc/arm-none-eabi/10.3.1/../../../../arm-none-eabi/lib/thumb/v7e-m+fp/hard\libc.a(lib_a-__call_atexit.o)
                0x20000428                __atexit_recursive_mutex
 .data.uwTickFreq
                0x2000042c        0x4 CMakeFiles/ZUMO-ROBOT.out.dir/Drivers/STM32G4xx_HAL_Driver/Src/stm32g4xx_hal.c.obj
                0x2000042c                uwTickFreq
 .data.uwTickPrio
                0x20000430        0x4 CMakeFiles/ZUMO-ROBOT.out.dir/Drivers/STM32G4xx_HAL_Driver/Src/stm32g4xx_hal.c.obj
                0x20000430                uwTickPrio
 .data.SystemCoreClock
                0x20000434        0x4 CMakeFiles/ZUMO-ROBOT.out.dir/Core/Src/system_stm32g4xx.c.obj
                0x20000434                SystemCoreClock
                0x20000438                . = ALIGN (0x4)
                0x20000438                _edata = .

.igot.plt       0x20000438        0x0 load address 0x080013a8
 .igot.plt      0x20000438        0x0 c:/program files (x86)/gnu arm embedded toolchain/10 2021.10/bin/../lib/gcc/arm-none-eabi/10.3.1/thumb/v7e-m+fp/hard/crtbegin.o
                0x20000438                . = ALIGN (0x4)

.bss            0x20000438       0x24 load address 0x080013a8
                0x20000438                _sbss = .
                0x20000438                __bss_start__ = _sbss
 *(.bss)
 .bss           0x20000438       0x1c c:/program files (x86)/gnu arm embedded toolchain/10 2021.10/bin/../lib/gcc/arm-none-eabi/10.3.1/thumb/v7e-m+fp/hard/crtbegin.o
 *(.bss*)
 .bss.__lock___atexit_recursive_mutex
                0x20000454        0x1 c:/program files (x86)/gnu arm embedded toolchain/10 2021.10/bin/../lib/gcc/arm-none-eabi/10.3.1/../../../../arm-none-eabi/lib/thumb/v7e-m+fp/hard\libc.a(lib_a-lock.o)
                0x20000454                __lock___atexit_recursive_mutex
 *fill*         0x20000455        0x3 
 .bss.uwTick    0x20000458        0x4 CMakeFiles/ZUMO-ROBOT.out.dir/Drivers/STM32G4xx_HAL_Driver/Src/stm32g4xx_hal.c.obj
                0x20000458                uwTick
 *(COMMON)
                0x2000045c                . = ALIGN (0x4)
                0x2000045c                _ebss = .
                0x2000045c                __bss_end__ = _ebss

._user_heap_stack
                0x2000045c      0x604 load address 0x080013a8
                0x20000460                . = ALIGN (0x8)
 *fill*         0x2000045c        0x4 
                [!provide]                PROVIDE (end = .)
                [!provide]                PROVIDE (_end = .)
                0x20000660                . = (. + _Min_Heap_Size)
 *fill*         0x20000460      0x200 
                0x20000a60                . = (. + _Min_Stack_Size)
 *fill*         0x20000660      0x400 
                0x20000a60                . = ALIGN (0x8)

/DISCARD/
 libc.a(*)
 libm.a(*)
 libgcc.a(*)

.ARM.attributes
                0x00000000       0x30
 *(.ARM.attributes)
 .ARM.attributes
                0x00000000       0x1e c:/program files (x86)/gnu arm embedded toolchain/10 2021.10/bin/../lib/gcc/arm-none-eabi/10.3.1/thumb/v7e-m+fp/hard/crti.o
 .ARM.attributes
                0x0000001e       0x34 c:/program files (x86)/gnu arm embedded toolchain/10 2021.10/bin/../lib/gcc/arm-none-eabi/10.3.1/thumb/v7e-m+fp/hard/crtbegin.o
 .ARM.attributes
                0x00000052       0x34 c:/program files (x86)/gnu arm embedded toolchain/10 2021.10/bin/../lib/gcc/arm-none-eabi/10.3.1/../../../../arm-none-eabi/lib/thumb/v7e-m+fp/hard\libc.a(lib_a-impure.o)
 .ARM.attributes
                0x00000086       0x34 c:/program files (x86)/gnu arm embedded toolchain/10 2021.10/bin/../lib/gcc/arm-none-eabi/10.3.1/../../../../arm-none-eabi/lib/thumb/v7e-m+fp/hard\libc.a(lib_a-init.o)
 .ARM.attributes
                0x000000ba       0x34 c:/program files (x86)/gnu arm embedded toolchain/10 2021.10/bin/../lib/gcc/arm-none-eabi/10.3.1/../../../../arm-none-eabi/lib/thumb/v7e-m+fp/hard\libc.a(lib_a-memset.o)
 .ARM.attributes
                0x000000ee       0x34 c:/program files (x86)/gnu arm embedded toolchain/10 2021.10/bin/../lib/gcc/arm-none-eabi/10.3.1/../../../../arm-none-eabi/lib/thumb/v7e-m+fp/hard\libc.a(lib_a-__call_atexit.o)
 .ARM.attributes
                0x00000122       0x34 c:/program files (x86)/gnu arm embedded toolchain/10 2021.10/bin/../lib/gcc/arm-none-eabi/10.3.1/../../../../arm-none-eabi/lib/thumb/v7e-m+fp/hard\libc.a(lib_a-atexit.o)
 .ARM.attributes
                0x00000156       0x34 c:/program files (x86)/gnu arm embedded toolchain/10 2021.10/bin/../lib/gcc/arm-none-eabi/10.3.1/../../../../arm-none-eabi/lib/thumb/v7e-m+fp/hard\libc.a(lib_a-fini.o)
 .ARM.attributes
                0x0000018a       0x34 c:/program files (x86)/gnu arm embedded toolchain/10 2021.10/bin/../lib/gcc/arm-none-eabi/10.3.1/../../../../arm-none-eabi/lib/thumb/v7e-m+fp/hard\libc.a(lib_a-lock.o)
 .ARM.attributes
                0x000001be       0x34 c:/program files (x86)/gnu arm embedded toolchain/10 2021.10/bin/../lib/gcc/arm-none-eabi/10.3.1/../../../../arm-none-eabi/lib/thumb/v7e-m+fp/hard\libc.a(lib_a-__atexit.o)
 .ARM.attributes
                0x000001f2       0x34 CMakeFiles/ZUMO-ROBOT.out.dir/Drivers/STM32G4xx_HAL_Driver/Src/stm32g4xx_hal_rcc.c.obj
 .ARM.attributes
                0x00000226       0x34 CMakeFiles/ZUMO-ROBOT.out.dir/Drivers/STM32G4xx_HAL_Driver/Src/stm32g4xx_hal_pwr_ex.c.obj
 .ARM.attributes
                0x0000025a       0x34 CMakeFiles/ZUMO-ROBOT.out.dir/Drivers/STM32G4xx_HAL_Driver/Src/stm32g4xx_hal_cortex.c.obj
 .ARM.attributes
                0x0000028e       0x34 CMakeFiles/ZUMO-ROBOT.out.dir/Drivers/STM32G4xx_HAL_Driver/Src/stm32g4xx_hal.c.obj
 .ARM.attributes
                0x000002c2       0x34 CMakeFiles/ZUMO-ROBOT.out.dir/Core/Src/main.c.obj
 .ARM.attributes
                0x000002f6       0x34 CMakeFiles/ZUMO-ROBOT.out.dir/Core/Src/stm32g4xx_hal_msp.c.obj
 .ARM.attributes
                0x0000032a       0x34 CMakeFiles/ZUMO-ROBOT.out.dir/Core/Src/stm32g4xx_it.c.obj
 .ARM.attributes
                0x0000035e       0x34 CMakeFiles/ZUMO-ROBOT.out.dir/Core/Src/system_stm32g4xx.c.obj
 .ARM.attributes
                0x00000392       0x21 CMakeFiles/ZUMO-ROBOT.out.dir/startup_stm32g474xx.s.obj
 .ARM.attributes
                0x000003b3       0x1e c:/program files (x86)/gnu arm embedded toolchain/10 2021.10/bin/../lib/gcc/arm-none-eabi/10.3.1/thumb/v7e-m+fp/hard/crtn.o
OUTPUT(ZUMO-ROBOT.out elf32-littlearm)
LOAD linker stubs
LOAD c:/program files (x86)/gnu arm embedded toolchain/10 2021.10/bin/../lib/gcc/arm-none-eabi/10.3.1/../../../../arm-none-eabi/lib/thumb/v7e-m+fp/hard\libc.a
LOAD c:/program files (x86)/gnu arm embedded toolchain/10 2021.10/bin/../lib/gcc/arm-none-eabi/10.3.1/../../../../arm-none-eabi/lib/thumb/v7e-m+fp/hard\libm.a
LOAD c:/program files (x86)/gnu arm embedded toolchain/10 2021.10/bin/../lib/gcc/arm-none-eabi/10.3.1/thumb/v7e-m+fp/hard\libgcc.a

.debug_frame    0x00000000      0xb10
 .debug_frame   0x00000000       0x2c c:/program files (x86)/gnu arm embedded toolchain/10 2021.10/bin/../lib/gcc/arm-none-eabi/10.3.1/../../../../arm-none-eabi/lib/thumb/v7e-m+fp/hard\libc.a(lib_a-init.o)
 .debug_frame   0x0000002c       0x2c c:/program files (x86)/gnu arm embedded toolchain/10 2021.10/bin/../lib/gcc/arm-none-eabi/10.3.1/../../../../arm-none-eabi/lib/thumb/v7e-m+fp/hard\libc.a(lib_a-memset.o)
 .debug_frame   0x00000058       0x68 c:/program files (x86)/gnu arm embedded toolchain/10 2021.10/bin/../lib/gcc/arm-none-eabi/10.3.1/../../../../arm-none-eabi/lib/thumb/v7e-m+fp/hard\libc.a(lib_a-__call_atexit.o)
 .debug_frame   0x000000c0       0x20 c:/program files (x86)/gnu arm embedded toolchain/10 2021.10/bin/../lib/gcc/arm-none-eabi/10.3.1/../../../../arm-none-eabi/lib/thumb/v7e-m+fp/hard\libc.a(lib_a-atexit.o)
 .debug_frame   0x000000e0       0x34 c:/program files (x86)/gnu arm embedded toolchain/10 2021.10/bin/../lib/gcc/arm-none-eabi/10.3.1/../../../../arm-none-eabi/lib/thumb/v7e-m+fp/hard\libc.a(lib_a-fini.o)
 .debug_frame   0x00000114       0xb0 c:/program files (x86)/gnu arm embedded toolchain/10 2021.10/bin/../lib/gcc/arm-none-eabi/10.3.1/../../../../arm-none-eabi/lib/thumb/v7e-m+fp/hard\libc.a(lib_a-lock.o)
 .debug_frame   0x000001c4       0x34 c:/program files (x86)/gnu arm embedded toolchain/10 2021.10/bin/../lib/gcc/arm-none-eabi/10.3.1/../../../../arm-none-eabi/lib/thumb/v7e-m+fp/hard\libc.a(lib_a-__atexit.o)
 .debug_frame   0x000001f8      0x198 CMakeFiles/ZUMO-ROBOT.out.dir/Drivers/STM32G4xx_HAL_Driver/Src/stm32g4xx_hal_rcc.c.obj
 .debug_frame   0x00000390      0x268 CMakeFiles/ZUMO-ROBOT.out.dir/Drivers/STM32G4xx_HAL_Driver/Src/stm32g4xx_hal_pwr_ex.c.obj
 .debug_frame   0x000005f8      0x148 CMakeFiles/ZUMO-ROBOT.out.dir/Drivers/STM32G4xx_HAL_Driver/Src/stm32g4xx_hal_cortex.c.obj
 .debug_frame   0x00000740      0x274 CMakeFiles/ZUMO-ROBOT.out.dir/Drivers/STM32G4xx_HAL_Driver/Src/stm32g4xx_hal.c.obj
 .debug_frame   0x000009b4       0x58 CMakeFiles/ZUMO-ROBOT.out.dir/Core/Src/main.c.obj
 .debug_frame   0x00000a0c       0x2c CMakeFiles/ZUMO-ROBOT.out.dir/Core/Src/stm32g4xx_hal_msp.c.obj
 .debug_frame   0x00000a38       0xa8 CMakeFiles/ZUMO-ROBOT.out.dir/Core/Src/stm32g4xx_it.c.obj
 .debug_frame   0x00000ae0       0x30 CMakeFiles/ZUMO-ROBOT.out.dir/Core/Src/system_stm32g4xx.c.obj

.debug_info     0x00000000     0x4379
 .debug_info    0x00000000      0xef3 CMakeFiles/ZUMO-ROBOT.out.dir/Drivers/STM32G4xx_HAL_Driver/Src/stm32g4xx_hal_rcc.c.obj
 .debug_info    0x00000ef3      0xa00 CMakeFiles/ZUMO-ROBOT.out.dir/Drivers/STM32G4xx_HAL_Driver/Src/stm32g4xx_hal_pwr_ex.c.obj
 .debug_info    0x000018f3     0x10f4 CMakeFiles/ZUMO-ROBOT.out.dir/Drivers/STM32G4xx_HAL_Driver/Src/stm32g4xx_hal_cortex.c.obj
 .debug_info    0x000029e7      0xc26 CMakeFiles/ZUMO-ROBOT.out.dir/Drivers/STM32G4xx_HAL_Driver/Src/stm32g4xx_hal.c.obj
 .debug_info    0x0000360d      0x33d CMakeFiles/ZUMO-ROBOT.out.dir/Core/Src/main.c.obj
 .debug_info    0x0000394a      0x337 CMakeFiles/ZUMO-ROBOT.out.dir/Core/Src/stm32g4xx_hal_msp.c.obj
 .debug_info    0x00003c81      0x129 CMakeFiles/ZUMO-ROBOT.out.dir/Core/Src/stm32g4xx_it.c.obj
 .debug_info    0x00003daa      0x5ad CMakeFiles/ZUMO-ROBOT.out.dir/Core/Src/system_stm32g4xx.c.obj
 .debug_info    0x00004357       0x22 CMakeFiles/ZUMO-ROBOT.out.dir/startup_stm32g474xx.s.obj

.debug_abbrev   0x00000000      0xe12
 .debug_abbrev  0x00000000      0x26f CMakeFiles/ZUMO-ROBOT.out.dir/Drivers/STM32G4xx_HAL_Driver/Src/stm32g4xx_hal_rcc.c.obj
 .debug_abbrev  0x0000026f      0x245 CMakeFiles/ZUMO-ROBOT.out.dir/Drivers/STM32G4xx_HAL_Driver/Src/stm32g4xx_hal_pwr_ex.c.obj
 .debug_abbrev  0x000004b4      0x361 CMakeFiles/ZUMO-ROBOT.out.dir/Drivers/STM32G4xx_HAL_Driver/Src/stm32g4xx_hal_cortex.c.obj
 .debug_abbrev  0x00000815      0x23e CMakeFiles/ZUMO-ROBOT.out.dir/Drivers/STM32G4xx_HAL_Driver/Src/stm32g4xx_hal.c.obj
 .debug_abbrev  0x00000a53      0x140 CMakeFiles/ZUMO-ROBOT.out.dir/Core/Src/main.c.obj
 .debug_abbrev  0x00000b93       0xd6 CMakeFiles/ZUMO-ROBOT.out.dir/Core/Src/stm32g4xx_hal_msp.c.obj
 .debug_abbrev  0x00000c69       0x7e CMakeFiles/ZUMO-ROBOT.out.dir/Core/Src/stm32g4xx_it.c.obj
 .debug_abbrev  0x00000ce7      0x119 CMakeFiles/ZUMO-ROBOT.out.dir/Core/Src/system_stm32g4xx.c.obj
 .debug_abbrev  0x00000e00       0x12 CMakeFiles/ZUMO-ROBOT.out.dir/startup_stm32g474xx.s.obj

.debug_loc      0x00000000     0x1c32
 .debug_loc     0x00000000      0x84d CMakeFiles/ZUMO-ROBOT.out.dir/Drivers/STM32G4xx_HAL_Driver/Src/stm32g4xx_hal_rcc.c.obj
 .debug_loc     0x0000084d      0xa23 CMakeFiles/ZUMO-ROBOT.out.dir/Drivers/STM32G4xx_HAL_Driver/Src/stm32g4xx_hal_pwr_ex.c.obj
 .debug_loc     0x00001270      0x736 CMakeFiles/ZUMO-ROBOT.out.dir/Drivers/STM32G4xx_HAL_Driver/Src/stm32g4xx_hal_cortex.c.obj
 .debug_loc     0x000019a6      0x1ef CMakeFiles/ZUMO-ROBOT.out.dir/Drivers/STM32G4xx_HAL_Driver/Src/stm32g4xx_hal.c.obj
 .debug_loc     0x00001b95       0x9d CMakeFiles/ZUMO-ROBOT.out.dir/Core/Src/system_stm32g4xx.c.obj

.debug_aranges  0x00000000      0x4b0
 .debug_aranges
                0x00000000       0x98 CMakeFiles/ZUMO-ROBOT.out.dir/Drivers/STM32G4xx_HAL_Driver/Src/stm32g4xx_hal_rcc.c.obj
 .debug_aranges
                0x00000098      0x140 CMakeFiles/ZUMO-ROBOT.out.dir/Drivers/STM32G4xx_HAL_Driver/Src/stm32g4xx_hal_pwr_ex.c.obj
 .debug_aranges
                0x000001d8       0xa8 CMakeFiles/ZUMO-ROBOT.out.dir/Drivers/STM32G4xx_HAL_Driver/Src/stm32g4xx_hal_cortex.c.obj
 .debug_aranges
                0x00000280      0x130 CMakeFiles/ZUMO-ROBOT.out.dir/Drivers/STM32G4xx_HAL_Driver/Src/stm32g4xx_hal.c.obj
 .debug_aranges
                0x000003b0       0x30 CMakeFiles/ZUMO-ROBOT.out.dir/Core/Src/main.c.obj
 .debug_aranges
                0x000003e0       0x20 CMakeFiles/ZUMO-ROBOT.out.dir/Core/Src/stm32g4xx_hal_msp.c.obj
 .debug_aranges
                0x00000400       0x60 CMakeFiles/ZUMO-ROBOT.out.dir/Core/Src/stm32g4xx_it.c.obj
 .debug_aranges
                0x00000460       0x28 CMakeFiles/ZUMO-ROBOT.out.dir/Core/Src/system_stm32g4xx.c.obj
 .debug_aranges
                0x00000488       0x28 CMakeFiles/ZUMO-ROBOT.out.dir/startup_stm32g474xx.s.obj

.debug_ranges   0x00000000      0x4a0
 .debug_ranges  0x00000000       0xa0 CMakeFiles/ZUMO-ROBOT.out.dir/Drivers/STM32G4xx_HAL_Driver/Src/stm32g4xx_hal_rcc.c.obj
 .debug_ranges  0x000000a0      0x130 CMakeFiles/ZUMO-ROBOT.out.dir/Drivers/STM32G4xx_HAL_Driver/Src/stm32g4xx_hal_pwr_ex.c.obj
 .debug_ranges  0x000001d0       0xf8 CMakeFiles/ZUMO-ROBOT.out.dir/Drivers/STM32G4xx_HAL_Driver/Src/stm32g4xx_hal_cortex.c.obj
 .debug_ranges  0x000002c8      0x120 CMakeFiles/ZUMO-ROBOT.out.dir/Drivers/STM32G4xx_HAL_Driver/Src/stm32g4xx_hal.c.obj
 .debug_ranges  0x000003e8       0x20 CMakeFiles/ZUMO-ROBOT.out.dir/Core/Src/main.c.obj
 .debug_ranges  0x00000408       0x10 CMakeFiles/ZUMO-ROBOT.out.dir/Core/Src/stm32g4xx_hal_msp.c.obj
 .debug_ranges  0x00000418       0x50 CMakeFiles/ZUMO-ROBOT.out.dir/Core/Src/stm32g4xx_it.c.obj
 .debug_ranges  0x00000468       0x18 CMakeFiles/ZUMO-ROBOT.out.dir/Core/Src/system_stm32g4xx.c.obj
 .debug_ranges  0x00000480       0x20 CMakeFiles/ZUMO-ROBOT.out.dir/startup_stm32g474xx.s.obj

.debug_line     0x00000000     0x376f
 .debug_line    0x00000000      0xee3 CMakeFiles/ZUMO-ROBOT.out.dir/Drivers/STM32G4xx_HAL_Driver/Src/stm32g4xx_hal_rcc.c.obj
 .debug_line    0x00000ee3      0xbc5 CMakeFiles/ZUMO-ROBOT.out.dir/Drivers/STM32G4xx_HAL_Driver/Src/stm32g4xx_hal_pwr_ex.c.obj
 .debug_line    0x00001aa8      0x8b2 CMakeFiles/ZUMO-ROBOT.out.dir/Drivers/STM32G4xx_HAL_Driver/Src/stm32g4xx_hal_cortex.c.obj
 .debug_line    0x0000235a      0x7d2 CMakeFiles/ZUMO-ROBOT.out.dir/Drivers/STM32G4xx_HAL_Driver/Src/stm32g4xx_hal.c.obj
 .debug_line    0x00002b2c      0x38a CMakeFiles/ZUMO-ROBOT.out.dir/Core/Src/main.c.obj
 .debug_line    0x00002eb6      0x29a CMakeFiles/ZUMO-ROBOT.out.dir/Core/Src/stm32g4xx_hal_msp.c.obj
 .debug_line    0x00003150      0x217 CMakeFiles/ZUMO-ROBOT.out.dir/Core/Src/stm32g4xx_it.c.obj
 .debug_line    0x00003367      0x341 CMakeFiles/ZUMO-ROBOT.out.dir/Core/Src/system_stm32g4xx.c.obj
 .debug_line    0x000036a8       0xc7 CMakeFiles/ZUMO-ROBOT.out.dir/startup_stm32g474xx.s.obj

.debug_str      0x00000000     0x2093
 .debug_str     0x00000000      0x845 CMakeFiles/ZUMO-ROBOT.out.dir/Drivers/STM32G4xx_HAL_Driver/Src/stm32g4xx_hal_rcc.c.obj
                                0x8ac (size before relaxing)
 .debug_str     0x00000845      0x5b2 CMakeFiles/ZUMO-ROBOT.out.dir/Drivers/STM32G4xx_HAL_Driver/Src/stm32g4xx_hal_pwr_ex.c.obj
                                0x839 (size before relaxing)
 .debug_str     0x00000df7      0xb36 CMakeFiles/ZUMO-ROBOT.out.dir/Drivers/STM32G4xx_HAL_Driver/Src/stm32g4xx_hal_cortex.c.obj
                                0xdb4 (size before relaxing)
 .debug_str     0x0000192d      0x45b CMakeFiles/ZUMO-ROBOT.out.dir/Drivers/STM32G4xx_HAL_Driver/Src/stm32g4xx_hal.c.obj
                                0xe65 (size before relaxing)
 .debug_str     0x00001d88       0xa5 CMakeFiles/ZUMO-ROBOT.out.dir/Core/Src/main.c.obj
                                0x3d1 (size before relaxing)
 .debug_str     0x00001e2d       0x6d CMakeFiles/ZUMO-ROBOT.out.dir/Core/Src/stm32g4xx_hal_msp.c.obj
                                0x385 (size before relaxing)
 .debug_str     0x00001e9a       0xf8 CMakeFiles/ZUMO-ROBOT.out.dir/Core/Src/stm32g4xx_it.c.obj
                                0x282 (size before relaxing)
 .debug_str     0x00001f92       0x8d CMakeFiles/ZUMO-ROBOT.out.dir/Core/Src/system_stm32g4xx.c.obj
                                0x41e (size before relaxing)
 .debug_str     0x0000201f       0x74 CMakeFiles/ZUMO-ROBOT.out.dir/startup_stm32g474xx.s.obj
                                 0xca (size before relaxing)

.comment        0x00000000       0x49
 .comment       0x00000000       0x49 CMakeFiles/ZUMO-ROBOT.out.dir/Drivers/STM32G4xx_HAL_Driver/Src/stm32g4xx_hal_rcc.c.obj
                                 0x4a (size before relaxing)
 .comment       0x00000049       0x4a CMakeFiles/ZUMO-ROBOT.out.dir/Drivers/STM32G4xx_HAL_Driver/Src/stm32g4xx_hal_pwr_ex.c.obj
 .comment       0x00000049       0x4a CMakeFiles/ZUMO-ROBOT.out.dir/Drivers/STM32G4xx_HAL_Driver/Src/stm32g4xx_hal_cortex.c.obj
 .comment       0x00000049       0x4a CMakeFiles/ZUMO-ROBOT.out.dir/Drivers/STM32G4xx_HAL_Driver/Src/stm32g4xx_hal.c.obj
 .comment       0x00000049       0x4a CMakeFiles/ZUMO-ROBOT.out.dir/Core/Src/main.c.obj
 .comment       0x00000049       0x4a CMakeFiles/ZUMO-ROBOT.out.dir/Core/Src/stm32g4xx_hal_msp.c.obj
 .comment       0x00000049       0x4a CMakeFiles/ZUMO-ROBOT.out.dir/Core/Src/stm32g4xx_it.c.obj
 .comment       0x00000049       0x4a CMakeFiles/ZUMO-ROBOT.out.dir/Core/Src/system_stm32g4xx.c.obj

Cross Reference Table

Symbol                                            File
ADC1_2_IRQHandler                                 CMakeFiles/ZUMO-ROBOT.out.dir/startup_stm32g474xx.s.obj
ADC3_IRQHandler                                   CMakeFiles/ZUMO-ROBOT.out.dir/startup_stm32g474xx.s.obj
ADC4_IRQHandler                                   CMakeFiles/ZUMO-ROBOT.out.dir/startup_stm32g474xx.s.obj
ADC5_IRQHandler                                   CMakeFiles/ZUMO-ROBOT.out.dir/startup_stm32g474xx.s.obj
AHBPrescTable                                     CMakeFiles/ZUMO-ROBOT.out.dir/Core/Src/system_stm32g4xx.c.obj
                                                  CMakeFiles/ZUMO-ROBOT.out.dir/Drivers/STM32G4xx_HAL_Driver/Src/stm32g4xx_hal_rcc.c.obj
APBPrescTable                                     CMakeFiles/ZUMO-ROBOT.out.dir/Core/Src/system_stm32g4xx.c.obj
                                                  CMakeFiles/ZUMO-ROBOT.out.dir/Drivers/STM32G4xx_HAL_Driver/Src/stm32g4xx_hal_rcc.c.obj
BusFault_Handler                                  CMakeFiles/ZUMO-ROBOT.out.dir/Core/Src/stm32g4xx_it.c.obj
COMP1_2_3_IRQHandler                              CMakeFiles/ZUMO-ROBOT.out.dir/startup_stm32g474xx.s.obj
COMP4_5_6_IRQHandler                              CMakeFiles/ZUMO-ROBOT.out.dir/startup_stm32g474xx.s.obj
COMP7_IRQHandler                                  CMakeFiles/ZUMO-ROBOT.out.dir/startup_stm32g474xx.s.obj
CORDIC_IRQHandler                                 CMakeFiles/ZUMO-ROBOT.out.dir/startup_stm32g474xx.s.obj
CRS_IRQHandler                                    CMakeFiles/ZUMO-ROBOT.out.dir/startup_stm32g474xx.s.obj
DMA1_Channel1_IRQHandler                          CMakeFiles/ZUMO-ROBOT.out.dir/startup_stm32g474xx.s.obj
DMA1_Channel2_IRQHandler                          CMakeFiles/ZUMO-ROBOT.out.dir/startup_stm32g474xx.s.obj
DMA1_Channel3_IRQHandler                          CMakeFiles/ZUMO-ROBOT.out.dir/startup_stm32g474xx.s.obj
DMA1_Channel4_IRQHandler                          CMakeFiles/ZUMO-ROBOT.out.dir/startup_stm32g474xx.s.obj
DMA1_Channel5_IRQHandler                          CMakeFiles/ZUMO-ROBOT.out.dir/startup_stm32g474xx.s.obj
DMA1_Channel6_IRQHandler                          CMakeFiles/ZUMO-ROBOT.out.dir/startup_stm32g474xx.s.obj
DMA1_Channel7_IRQHandler                          CMakeFiles/ZUMO-ROBOT.out.dir/startup_stm32g474xx.s.obj
DMA1_Channel8_IRQHandler                          CMakeFiles/ZUMO-ROBOT.out.dir/startup_stm32g474xx.s.obj
DMA2_Channel1_IRQHandler                          CMakeFiles/ZUMO-ROBOT.out.dir/startup_stm32g474xx.s.obj
DMA2_Channel2_IRQHandler                          CMakeFiles/ZUMO-ROBOT.out.dir/startup_stm32g474xx.s.obj
DMA2_Channel3_IRQHandler                          CMakeFiles/ZUMO-ROBOT.out.dir/startup_stm32g474xx.s.obj
DMA2_Channel4_IRQHandler                          CMakeFiles/ZUMO-ROBOT.out.dir/startup_stm32g474xx.s.obj
DMA2_Channel5_IRQHandler                          CMakeFiles/ZUMO-ROBOT.out.dir/startup_stm32g474xx.s.obj
DMA2_Channel6_IRQHandler                          CMakeFiles/ZUMO-ROBOT.out.dir/startup_stm32g474xx.s.obj
DMA2_Channel7_IRQHandler                          CMakeFiles/ZUMO-ROBOT.out.dir/startup_stm32g474xx.s.obj
DMA2_Channel8_IRQHandler                          CMakeFiles/ZUMO-ROBOT.out.dir/startup_stm32g474xx.s.obj
DMAMUX_OVR_IRQHandler                             CMakeFiles/ZUMO-ROBOT.out.dir/startup_stm32g474xx.s.obj
DebugMon_Handler                                  CMakeFiles/ZUMO-ROBOT.out.dir/Core/Src/stm32g4xx_it.c.obj
Default_Handler                                   CMakeFiles/ZUMO-ROBOT.out.dir/startup_stm32g474xx.s.obj
EXTI0_IRQHandler                                  CMakeFiles/ZUMO-ROBOT.out.dir/startup_stm32g474xx.s.obj
EXTI15_10_IRQHandler                              CMakeFiles/ZUMO-ROBOT.out.dir/startup_stm32g474xx.s.obj
EXTI1_IRQHandler                                  CMakeFiles/ZUMO-ROBOT.out.dir/startup_stm32g474xx.s.obj
EXTI2_IRQHandler                                  CMakeFiles/ZUMO-ROBOT.out.dir/startup_stm32g474xx.s.obj
EXTI3_IRQHandler                                  CMakeFiles/ZUMO-ROBOT.out.dir/startup_stm32g474xx.s.obj
EXTI4_IRQHandler                                  CMakeFiles/ZUMO-ROBOT.out.dir/startup_stm32g474xx.s.obj
EXTI9_5_IRQHandler                                CMakeFiles/ZUMO-ROBOT.out.dir/startup_stm32g474xx.s.obj
Error_Handler                                     CMakeFiles/ZUMO-ROBOT.out.dir/Core/Src/main.c.obj
FDCAN1_IT0_IRQHandler                             CMakeFiles/ZUMO-ROBOT.out.dir/startup_stm32g474xx.s.obj
FDCAN1_IT1_IRQHandler                             CMakeFiles/ZUMO-ROBOT.out.dir/startup_stm32g474xx.s.obj
FDCAN2_IT0_IRQHandler                             CMakeFiles/ZUMO-ROBOT.out.dir/startup_stm32g474xx.s.obj
FDCAN2_IT1_IRQHandler                             CMakeFiles/ZUMO-ROBOT.out.dir/startup_stm32g474xx.s.obj
FDCAN3_IT0_IRQHandler                             CMakeFiles/ZUMO-ROBOT.out.dir/startup_stm32g474xx.s.obj
FDCAN3_IT1_IRQHandler                             CMakeFiles/ZUMO-ROBOT.out.dir/startup_stm32g474xx.s.obj
FLASH_FlushCaches                                 CMakeFiles/ZUMO-ROBOT.out.dir/Drivers/STM32G4xx_HAL_Driver/Src/stm32g4xx_hal_flash_ex.c.obj
                                                  CMakeFiles/ZUMO-ROBOT.out.dir/Drivers/STM32G4xx_HAL_Driver/Src/stm32g4xx_hal_flash.c.obj
FLASH_IRQHandler                                  CMakeFiles/ZUMO-ROBOT.out.dir/startup_stm32g474xx.s.obj
FLASH_PageErase                                   CMakeFiles/ZUMO-ROBOT.out.dir/Drivers/STM32G4xx_HAL_Driver/Src/stm32g4xx_hal_flash_ex.c.obj
                                                  CMakeFiles/ZUMO-ROBOT.out.dir/Drivers/STM32G4xx_HAL_Driver/Src/stm32g4xx_hal_flash.c.obj
FLASH_WaitForLastOperation                        CMakeFiles/ZUMO-ROBOT.out.dir/Drivers/STM32G4xx_HAL_Driver/Src/stm32g4xx_hal_flash.c.obj
                                                  CMakeFiles/ZUMO-ROBOT.out.dir/Drivers/STM32G4xx_HAL_Driver/Src/stm32g4xx_hal_flash_ex.c.obj
FMAC_IRQHandler                                   CMakeFiles/ZUMO-ROBOT.out.dir/startup_stm32g474xx.s.obj
FMC_IRQHandler                                    CMakeFiles/ZUMO-ROBOT.out.dir/startup_stm32g474xx.s.obj
FPU_IRQHandler                                    CMakeFiles/ZUMO-ROBOT.out.dir/startup_stm32g474xx.s.obj
HAL_DBGMCU_DisableDBGSleepMode                    CMakeFiles/ZUMO-ROBOT.out.dir/Drivers/STM32G4xx_HAL_Driver/Src/stm32g4xx_hal.c.obj
HAL_DBGMCU_DisableDBGStandbyMode                  CMakeFiles/ZUMO-ROBOT.out.dir/Drivers/STM32G4xx_HAL_Driver/Src/stm32g4xx_hal.c.obj
HAL_DBGMCU_DisableDBGStopMode                     CMakeFiles/ZUMO-ROBOT.out.dir/Drivers/STM32G4xx_HAL_Driver/Src/stm32g4xx_hal.c.obj
HAL_DBGMCU_EnableDBGSleepMode                     CMakeFiles/ZUMO-ROBOT.out.dir/Drivers/STM32G4xx_HAL_Driver/Src/stm32g4xx_hal.c.obj
HAL_DBGMCU_EnableDBGStandbyMode                   CMakeFiles/ZUMO-ROBOT.out.dir/Drivers/STM32G4xx_HAL_Driver/Src/stm32g4xx_hal.c.obj
HAL_DBGMCU_EnableDBGStopMode                      CMakeFiles/ZUMO-ROBOT.out.dir/Drivers/STM32G4xx_HAL_Driver/Src/stm32g4xx_hal.c.obj
HAL_DMAEx_ConfigMuxRequestGenerator               CMakeFiles/ZUMO-ROBOT.out.dir/Drivers/STM32G4xx_HAL_Driver/Src/stm32g4xx_hal_dma_ex.c.obj
HAL_DMAEx_ConfigMuxSync                           CMakeFiles/ZUMO-ROBOT.out.dir/Drivers/STM32G4xx_HAL_Driver/Src/stm32g4xx_hal_dma_ex.c.obj
HAL_DMAEx_DisableMuxRequestGenerator              CMakeFiles/ZUMO-ROBOT.out.dir/Drivers/STM32G4xx_HAL_Driver/Src/stm32g4xx_hal_dma_ex.c.obj
HAL_DMAEx_EnableMuxRequestGenerator               CMakeFiles/ZUMO-ROBOT.out.dir/Drivers/STM32G4xx_HAL_Driver/Src/stm32g4xx_hal_dma_ex.c.obj
HAL_DMAEx_MUX_IRQHandler                          CMakeFiles/ZUMO-ROBOT.out.dir/Drivers/STM32G4xx_HAL_Driver/Src/stm32g4xx_hal_dma_ex.c.obj
HAL_DMA_Abort                                     CMakeFiles/ZUMO-ROBOT.out.dir/Drivers/STM32G4xx_HAL_Driver/Src/stm32g4xx_hal_dma.c.obj
HAL_DMA_Abort_IT                                  CMakeFiles/ZUMO-ROBOT.out.dir/Drivers/STM32G4xx_HAL_Driver/Src/stm32g4xx_hal_dma.c.obj
HAL_DMA_DeInit                                    CMakeFiles/ZUMO-ROBOT.out.dir/Drivers/STM32G4xx_HAL_Driver/Src/stm32g4xx_hal_dma.c.obj
HAL_DMA_GetError                                  CMakeFiles/ZUMO-ROBOT.out.dir/Drivers/STM32G4xx_HAL_Driver/Src/stm32g4xx_hal_dma.c.obj
HAL_DMA_GetState                                  CMakeFiles/ZUMO-ROBOT.out.dir/Drivers/STM32G4xx_HAL_Driver/Src/stm32g4xx_hal_dma.c.obj
HAL_DMA_IRQHandler                                CMakeFiles/ZUMO-ROBOT.out.dir/Drivers/STM32G4xx_HAL_Driver/Src/stm32g4xx_hal_dma.c.obj
HAL_DMA_Init                                      CMakeFiles/ZUMO-ROBOT.out.dir/Drivers/STM32G4xx_HAL_Driver/Src/stm32g4xx_hal_dma.c.obj
HAL_DMA_PollForTransfer                           CMakeFiles/ZUMO-ROBOT.out.dir/Drivers/STM32G4xx_HAL_Driver/Src/stm32g4xx_hal_dma.c.obj
HAL_DMA_RegisterCallback                          CMakeFiles/ZUMO-ROBOT.out.dir/Drivers/STM32G4xx_HAL_Driver/Src/stm32g4xx_hal_dma.c.obj
HAL_DMA_Start                                     CMakeFiles/ZUMO-ROBOT.out.dir/Drivers/STM32G4xx_HAL_Driver/Src/stm32g4xx_hal_dma.c.obj
HAL_DMA_Start_IT                                  CMakeFiles/ZUMO-ROBOT.out.dir/Drivers/STM32G4xx_HAL_Driver/Src/stm32g4xx_hal_dma.c.obj
HAL_DMA_UnRegisterCallback                        CMakeFiles/ZUMO-ROBOT.out.dir/Drivers/STM32G4xx_HAL_Driver/Src/stm32g4xx_hal_dma.c.obj
HAL_DeInit                                        CMakeFiles/ZUMO-ROBOT.out.dir/Drivers/STM32G4xx_HAL_Driver/Src/stm32g4xx_hal.c.obj
HAL_Delay                                         CMakeFiles/ZUMO-ROBOT.out.dir/Drivers/STM32G4xx_HAL_Driver/Src/stm32g4xx_hal.c.obj
HAL_EXTI_ClearConfigLine                          CMakeFiles/ZUMO-ROBOT.out.dir/Drivers/STM32G4xx_HAL_Driver/Src/stm32g4xx_hal_exti.c.obj
HAL_EXTI_ClearPending                             CMakeFiles/ZUMO-ROBOT.out.dir/Drivers/STM32G4xx_HAL_Driver/Src/stm32g4xx_hal_exti.c.obj
HAL_EXTI_GenerateSWI                              CMakeFiles/ZUMO-ROBOT.out.dir/Drivers/STM32G4xx_HAL_Driver/Src/stm32g4xx_hal_exti.c.obj
HAL_EXTI_GetConfigLine                            CMakeFiles/ZUMO-ROBOT.out.dir/Drivers/STM32G4xx_HAL_Driver/Src/stm32g4xx_hal_exti.c.obj
HAL_EXTI_GetHandle                                CMakeFiles/ZUMO-ROBOT.out.dir/Drivers/STM32G4xx_HAL_Driver/Src/stm32g4xx_hal_exti.c.obj
HAL_EXTI_GetPending                               CMakeFiles/ZUMO-ROBOT.out.dir/Drivers/STM32G4xx_HAL_Driver/Src/stm32g4xx_hal_exti.c.obj
HAL_EXTI_IRQHandler                               CMakeFiles/ZUMO-ROBOT.out.dir/Drivers/STM32G4xx_HAL_Driver/Src/stm32g4xx_hal_exti.c.obj
HAL_EXTI_RegisterCallback                         CMakeFiles/ZUMO-ROBOT.out.dir/Drivers/STM32G4xx_HAL_Driver/Src/stm32g4xx_hal_exti.c.obj
HAL_EXTI_SetConfigLine                            CMakeFiles/ZUMO-ROBOT.out.dir/Drivers/STM32G4xx_HAL_Driver/Src/stm32g4xx_hal_exti.c.obj
HAL_FLASHEx_DisableDebugger                       CMakeFiles/ZUMO-ROBOT.out.dir/Drivers/STM32G4xx_HAL_Driver/Src/stm32g4xx_hal_flash_ex.c.obj
HAL_FLASHEx_DisableRunPowerDown                   CMakeFiles/ZUMO-ROBOT.out.dir/Drivers/STM32G4xx_HAL_Driver/Src/stm32g4xx_hal_flash_ramfunc.c.obj
HAL_FLASHEx_EnableDebugger                        CMakeFiles/ZUMO-ROBOT.out.dir/Drivers/STM32G4xx_HAL_Driver/Src/stm32g4xx_hal_flash_ex.c.obj
HAL_FLASHEx_EnableRunPowerDown                    CMakeFiles/ZUMO-ROBOT.out.dir/Drivers/STM32G4xx_HAL_Driver/Src/stm32g4xx_hal_flash_ramfunc.c.obj
HAL_FLASHEx_EnableSecMemProtection                CMakeFiles/ZUMO-ROBOT.out.dir/Drivers/STM32G4xx_HAL_Driver/Src/stm32g4xx_hal_flash_ex.c.obj
HAL_FLASHEx_Erase                                 CMakeFiles/ZUMO-ROBOT.out.dir/Drivers/STM32G4xx_HAL_Driver/Src/stm32g4xx_hal_flash_ex.c.obj
HAL_FLASHEx_Erase_IT                              CMakeFiles/ZUMO-ROBOT.out.dir/Drivers/STM32G4xx_HAL_Driver/Src/stm32g4xx_hal_flash_ex.c.obj
HAL_FLASHEx_OBGetConfig                           CMakeFiles/ZUMO-ROBOT.out.dir/Drivers/STM32G4xx_HAL_Driver/Src/stm32g4xx_hal_flash_ex.c.obj
HAL_FLASHEx_OBProgram                             CMakeFiles/ZUMO-ROBOT.out.dir/Drivers/STM32G4xx_HAL_Driver/Src/stm32g4xx_hal_flash_ex.c.obj
HAL_FLASHEx_OB_DBankConfig                        CMakeFiles/ZUMO-ROBOT.out.dir/Drivers/STM32G4xx_HAL_Driver/Src/stm32g4xx_hal_flash_ramfunc.c.obj
HAL_FLASH_EndOfOperationCallback                  CMakeFiles/ZUMO-ROBOT.out.dir/Drivers/STM32G4xx_HAL_Driver/Src/stm32g4xx_hal_flash.c.obj
HAL_FLASH_GetError                                CMakeFiles/ZUMO-ROBOT.out.dir/Drivers/STM32G4xx_HAL_Driver/Src/stm32g4xx_hal_flash.c.obj
HAL_FLASH_IRQHandler                              CMakeFiles/ZUMO-ROBOT.out.dir/Drivers/STM32G4xx_HAL_Driver/Src/stm32g4xx_hal_flash.c.obj
HAL_FLASH_Lock                                    CMakeFiles/ZUMO-ROBOT.out.dir/Drivers/STM32G4xx_HAL_Driver/Src/stm32g4xx_hal_flash.c.obj
HAL_FLASH_OB_Launch                               CMakeFiles/ZUMO-ROBOT.out.dir/Drivers/STM32G4xx_HAL_Driver/Src/stm32g4xx_hal_flash.c.obj
HAL_FLASH_OB_Lock                                 CMakeFiles/ZUMO-ROBOT.out.dir/Drivers/STM32G4xx_HAL_Driver/Src/stm32g4xx_hal_flash.c.obj
HAL_FLASH_OB_Unlock                               CMakeFiles/ZUMO-ROBOT.out.dir/Drivers/STM32G4xx_HAL_Driver/Src/stm32g4xx_hal_flash.c.obj
HAL_FLASH_OperationErrorCallback                  CMakeFiles/ZUMO-ROBOT.out.dir/Drivers/STM32G4xx_HAL_Driver/Src/stm32g4xx_hal_flash.c.obj
HAL_FLASH_Program                                 CMakeFiles/ZUMO-ROBOT.out.dir/Drivers/STM32G4xx_HAL_Driver/Src/stm32g4xx_hal_flash.c.obj
HAL_FLASH_Program_IT                              CMakeFiles/ZUMO-ROBOT.out.dir/Drivers/STM32G4xx_HAL_Driver/Src/stm32g4xx_hal_flash.c.obj
HAL_FLASH_Unlock                                  CMakeFiles/ZUMO-ROBOT.out.dir/Drivers/STM32G4xx_HAL_Driver/Src/stm32g4xx_hal_flash.c.obj
HAL_GPIO_DeInit                                   CMakeFiles/ZUMO-ROBOT.out.dir/Drivers/STM32G4xx_HAL_Driver/Src/stm32g4xx_hal_gpio.c.obj
HAL_GPIO_EXTI_Callback                            CMakeFiles/ZUMO-ROBOT.out.dir/Drivers/STM32G4xx_HAL_Driver/Src/stm32g4xx_hal_gpio.c.obj
HAL_GPIO_EXTI_IRQHandler                          CMakeFiles/ZUMO-ROBOT.out.dir/Drivers/STM32G4xx_HAL_Driver/Src/stm32g4xx_hal_gpio.c.obj
HAL_GPIO_Init                                     CMakeFiles/ZUMO-ROBOT.out.dir/Drivers/STM32G4xx_HAL_Driver/Src/stm32g4xx_hal_gpio.c.obj
                                                  CMakeFiles/ZUMO-ROBOT.out.dir/Drivers/STM32G4xx_HAL_Driver/Src/stm32g4xx_hal_rcc_ex.c.obj
                                                  CMakeFiles/ZUMO-ROBOT.out.dir/Drivers/STM32G4xx_HAL_Driver/Src/stm32g4xx_hal_rcc.c.obj
HAL_GPIO_LockPin                                  CMakeFiles/ZUMO-ROBOT.out.dir/Drivers/STM32G4xx_HAL_Driver/Src/stm32g4xx_hal_gpio.c.obj
HAL_GPIO_ReadPin                                  CMakeFiles/ZUMO-ROBOT.out.dir/Drivers/STM32G4xx_HAL_Driver/Src/stm32g4xx_hal_gpio.c.obj
HAL_GPIO_TogglePin                                CMakeFiles/ZUMO-ROBOT.out.dir/Drivers/STM32G4xx_HAL_Driver/Src/stm32g4xx_hal_gpio.c.obj
HAL_GPIO_WritePin                                 CMakeFiles/ZUMO-ROBOT.out.dir/Drivers/STM32G4xx_HAL_Driver/Src/stm32g4xx_hal_gpio.c.obj
HAL_GetDEVID                                      CMakeFiles/ZUMO-ROBOT.out.dir/Drivers/STM32G4xx_HAL_Driver/Src/stm32g4xx_hal.c.obj
HAL_GetHalVersion                                 CMakeFiles/ZUMO-ROBOT.out.dir/Drivers/STM32G4xx_HAL_Driver/Src/stm32g4xx_hal.c.obj
HAL_GetREVID                                      CMakeFiles/ZUMO-ROBOT.out.dir/Drivers/STM32G4xx_HAL_Driver/Src/stm32g4xx_hal.c.obj
HAL_GetTick                                       CMakeFiles/ZUMO-ROBOT.out.dir/Drivers/STM32G4xx_HAL_Driver/Src/stm32g4xx_hal.c.obj
                                                  CMakeFiles/ZUMO-ROBOT.out.dir/Drivers/STM32G4xx_HAL_Driver/Src/stm32g4xx_hal_dma.c.obj
                                                  CMakeFiles/ZUMO-ROBOT.out.dir/Drivers/STM32G4xx_HAL_Driver/Src/stm32g4xx_hal_flash.c.obj
                                                  CMakeFiles/ZUMO-ROBOT.out.dir/Drivers/STM32G4xx_HAL_Driver/Src/stm32g4xx_hal_rcc_ex.c.obj
                                                  CMakeFiles/ZUMO-ROBOT.out.dir/Drivers/STM32G4xx_HAL_Driver/Src/stm32g4xx_hal_rcc.c.obj
HAL_GetTickFreq                                   CMakeFiles/ZUMO-ROBOT.out.dir/Drivers/STM32G4xx_HAL_Driver/Src/stm32g4xx_hal.c.obj
HAL_GetTickPrio                                   CMakeFiles/ZUMO-ROBOT.out.dir/Drivers/STM32G4xx_HAL_Driver/Src/stm32g4xx_hal.c.obj
HAL_IncTick                                       CMakeFiles/ZUMO-ROBOT.out.dir/Drivers/STM32G4xx_HAL_Driver/Src/stm32g4xx_hal.c.obj
                                                  CMakeFiles/ZUMO-ROBOT.out.dir/Core/Src/stm32g4xx_it.c.obj
HAL_Init                                          CMakeFiles/ZUMO-ROBOT.out.dir/Drivers/STM32G4xx_HAL_Driver/Src/stm32g4xx_hal.c.obj
                                                  CMakeFiles/ZUMO-ROBOT.out.dir/Core/Src/main.c.obj
HAL_InitTick                                      CMakeFiles/ZUMO-ROBOT.out.dir/Drivers/STM32G4xx_HAL_Driver/Src/stm32g4xx_hal.c.obj
                                                  CMakeFiles/ZUMO-ROBOT.out.dir/Drivers/STM32G4xx_HAL_Driver/Src/stm32g4xx_hal_rcc.c.obj
HAL_MPU_ConfigRegion                              CMakeFiles/ZUMO-ROBOT.out.dir/Drivers/STM32G4xx_HAL_Driver/Src/stm32g4xx_hal_cortex.c.obj
HAL_MPU_Disable                                   CMakeFiles/ZUMO-ROBOT.out.dir/Drivers/STM32G4xx_HAL_Driver/Src/stm32g4xx_hal_cortex.c.obj
HAL_MPU_Enable                                    CMakeFiles/ZUMO-ROBOT.out.dir/Drivers/STM32G4xx_HAL_Driver/Src/stm32g4xx_hal_cortex.c.obj
HAL_MspDeInit                                     CMakeFiles/ZUMO-ROBOT.out.dir/Drivers/STM32G4xx_HAL_Driver/Src/stm32g4xx_hal.c.obj
HAL_MspInit                                       CMakeFiles/ZUMO-ROBOT.out.dir/Core/Src/stm32g4xx_hal_msp.c.obj
                                                  CMakeFiles/ZUMO-ROBOT.out.dir/Drivers/STM32G4xx_HAL_Driver/Src/stm32g4xx_hal.c.obj
HAL_NVIC_ClearPendingIRQ                          CMakeFiles/ZUMO-ROBOT.out.dir/Drivers/STM32G4xx_HAL_Driver/Src/stm32g4xx_hal_cortex.c.obj
HAL_NVIC_DisableIRQ                               CMakeFiles/ZUMO-ROBOT.out.dir/Drivers/STM32G4xx_HAL_Driver/Src/stm32g4xx_hal_cortex.c.obj
HAL_NVIC_EnableIRQ                                CMakeFiles/ZUMO-ROBOT.out.dir/Drivers/STM32G4xx_HAL_Driver/Src/stm32g4xx_hal_cortex.c.obj
HAL_NVIC_GetActive                                CMakeFiles/ZUMO-ROBOT.out.dir/Drivers/STM32G4xx_HAL_Driver/Src/stm32g4xx_hal_cortex.c.obj
HAL_NVIC_GetPendingIRQ                            CMakeFiles/ZUMO-ROBOT.out.dir/Drivers/STM32G4xx_HAL_Driver/Src/stm32g4xx_hal_cortex.c.obj
HAL_NVIC_GetPriority                              CMakeFiles/ZUMO-ROBOT.out.dir/Drivers/STM32G4xx_HAL_Driver/Src/stm32g4xx_hal_cortex.c.obj
HAL_NVIC_GetPriorityGrouping                      CMakeFiles/ZUMO-ROBOT.out.dir/Drivers/STM32G4xx_HAL_Driver/Src/stm32g4xx_hal_cortex.c.obj
HAL_NVIC_SetPendingIRQ                            CMakeFiles/ZUMO-ROBOT.out.dir/Drivers/STM32G4xx_HAL_Driver/Src/stm32g4xx_hal_cortex.c.obj
HAL_NVIC_SetPriority                              CMakeFiles/ZUMO-ROBOT.out.dir/Drivers/STM32G4xx_HAL_Driver/Src/stm32g4xx_hal_cortex.c.obj
                                                  CMakeFiles/ZUMO-ROBOT.out.dir/Drivers/STM32G4xx_HAL_Driver/Src/stm32g4xx_hal.c.obj
HAL_NVIC_SetPriorityGrouping                      CMakeFiles/ZUMO-ROBOT.out.dir/Drivers/STM32G4xx_HAL_Driver/Src/stm32g4xx_hal_cortex.c.obj
                                                  CMakeFiles/ZUMO-ROBOT.out.dir/Drivers/STM32G4xx_HAL_Driver/Src/stm32g4xx_hal.c.obj
HAL_NVIC_SystemReset                              CMakeFiles/ZUMO-ROBOT.out.dir/Drivers/STM32G4xx_HAL_Driver/Src/stm32g4xx_hal_cortex.c.obj
HAL_PWREx_ConfigPVM                               CMakeFiles/ZUMO-ROBOT.out.dir/Drivers/STM32G4xx_HAL_Driver/Src/stm32g4xx_hal_pwr_ex.c.obj
HAL_PWREx_ControlVoltageScaling                   CMakeFiles/ZUMO-ROBOT.out.dir/Drivers/STM32G4xx_HAL_Driver/Src/stm32g4xx_hal_pwr_ex.c.obj
                                                  CMakeFiles/ZUMO-ROBOT.out.dir/Core/Src/main.c.obj
HAL_PWREx_DisableBatteryCharging                  CMakeFiles/ZUMO-ROBOT.out.dir/Drivers/STM32G4xx_HAL_Driver/Src/stm32g4xx_hal_pwr_ex.c.obj
HAL_PWREx_DisableGPIOPullDown                     CMakeFiles/ZUMO-ROBOT.out.dir/Drivers/STM32G4xx_HAL_Driver/Src/stm32g4xx_hal_pwr_ex.c.obj
HAL_PWREx_DisableGPIOPullUp                       CMakeFiles/ZUMO-ROBOT.out.dir/Drivers/STM32G4xx_HAL_Driver/Src/stm32g4xx_hal_pwr_ex.c.obj
HAL_PWREx_DisableInternalWakeUpLine               CMakeFiles/ZUMO-ROBOT.out.dir/Drivers/STM32G4xx_HAL_Driver/Src/stm32g4xx_hal_pwr_ex.c.obj
HAL_PWREx_DisableLowPowerRunMode                  CMakeFiles/ZUMO-ROBOT.out.dir/Drivers/STM32G4xx_HAL_Driver/Src/stm32g4xx_hal_pwr_ex.c.obj
                                                  CMakeFiles/ZUMO-ROBOT.out.dir/Drivers/STM32G4xx_HAL_Driver/Src/stm32g4xx_hal_pwr.c.obj
HAL_PWREx_DisablePVM1                             CMakeFiles/ZUMO-ROBOT.out.dir/Drivers/STM32G4xx_HAL_Driver/Src/stm32g4xx_hal_pwr_ex.c.obj
HAL_PWREx_DisablePVM2                             CMakeFiles/ZUMO-ROBOT.out.dir/Drivers/STM32G4xx_HAL_Driver/Src/stm32g4xx_hal_pwr_ex.c.obj
HAL_PWREx_DisablePVM3                             CMakeFiles/ZUMO-ROBOT.out.dir/Drivers/STM32G4xx_HAL_Driver/Src/stm32g4xx_hal_pwr_ex.c.obj
HAL_PWREx_DisablePVM4                             CMakeFiles/ZUMO-ROBOT.out.dir/Drivers/STM32G4xx_HAL_Driver/Src/stm32g4xx_hal_pwr_ex.c.obj
HAL_PWREx_DisablePullUpPullDownConfig             CMakeFiles/ZUMO-ROBOT.out.dir/Drivers/STM32G4xx_HAL_Driver/Src/stm32g4xx_hal_pwr_ex.c.obj
HAL_PWREx_DisableSRAM2ContentRetention            CMakeFiles/ZUMO-ROBOT.out.dir/Drivers/STM32G4xx_HAL_Driver/Src/stm32g4xx_hal_pwr_ex.c.obj
HAL_PWREx_DisableUCPDDeadBattery                  CMakeFiles/ZUMO-ROBOT.out.dir/Drivers/STM32G4xx_HAL_Driver/Src/stm32g4xx_hal_pwr_ex.c.obj
                                                  CMakeFiles/ZUMO-ROBOT.out.dir/Core/Src/stm32g4xx_hal_msp.c.obj
HAL_PWREx_DisableUCPDStandbyMode                  CMakeFiles/ZUMO-ROBOT.out.dir/Drivers/STM32G4xx_HAL_Driver/Src/stm32g4xx_hal_pwr_ex.c.obj
HAL_PWREx_EnableBatteryCharging                   CMakeFiles/ZUMO-ROBOT.out.dir/Drivers/STM32G4xx_HAL_Driver/Src/stm32g4xx_hal_pwr_ex.c.obj
HAL_PWREx_EnableGPIOPullDown                      CMakeFiles/ZUMO-ROBOT.out.dir/Drivers/STM32G4xx_HAL_Driver/Src/stm32g4xx_hal_pwr_ex.c.obj
HAL_PWREx_EnableGPIOPullUp                        CMakeFiles/ZUMO-ROBOT.out.dir/Drivers/STM32G4xx_HAL_Driver/Src/stm32g4xx_hal_pwr_ex.c.obj
HAL_PWREx_EnableInternalWakeUpLine                CMakeFiles/ZUMO-ROBOT.out.dir/Drivers/STM32G4xx_HAL_Driver/Src/stm32g4xx_hal_pwr_ex.c.obj
HAL_PWREx_EnableLowPowerRunMode                   CMakeFiles/ZUMO-ROBOT.out.dir/Drivers/STM32G4xx_HAL_Driver/Src/stm32g4xx_hal_pwr_ex.c.obj
                                                  CMakeFiles/ZUMO-ROBOT.out.dir/Drivers/STM32G4xx_HAL_Driver/Src/stm32g4xx_hal_pwr.c.obj
HAL_PWREx_EnablePVM1                              CMakeFiles/ZUMO-ROBOT.out.dir/Drivers/STM32G4xx_HAL_Driver/Src/stm32g4xx_hal_pwr_ex.c.obj
HAL_PWREx_EnablePVM2                              CMakeFiles/ZUMO-ROBOT.out.dir/Drivers/STM32G4xx_HAL_Driver/Src/stm32g4xx_hal_pwr_ex.c.obj
HAL_PWREx_EnablePVM3                              CMakeFiles/ZUMO-ROBOT.out.dir/Drivers/STM32G4xx_HAL_Driver/Src/stm32g4xx_hal_pwr_ex.c.obj
HAL_PWREx_EnablePVM4                              CMakeFiles/ZUMO-ROBOT.out.dir/Drivers/STM32G4xx_HAL_Driver/Src/stm32g4xx_hal_pwr_ex.c.obj
HAL_PWREx_EnablePullUpPullDownConfig              CMakeFiles/ZUMO-ROBOT.out.dir/Drivers/STM32G4xx_HAL_Driver/Src/stm32g4xx_hal_pwr_ex.c.obj
HAL_PWREx_EnableSRAM2ContentRetention             CMakeFiles/ZUMO-ROBOT.out.dir/Drivers/STM32G4xx_HAL_Driver/Src/stm32g4xx_hal_pwr_ex.c.obj
HAL_PWREx_EnableUCPDDeadBattery                   CMakeFiles/ZUMO-ROBOT.out.dir/Drivers/STM32G4xx_HAL_Driver/Src/stm32g4xx_hal_pwr_ex.c.obj
HAL_PWREx_EnableUCPDStandbyMode                   CMakeFiles/ZUMO-ROBOT.out.dir/Drivers/STM32G4xx_HAL_Driver/Src/stm32g4xx_hal_pwr_ex.c.obj
HAL_PWREx_EnterSHUTDOWNMode                       CMakeFiles/ZUMO-ROBOT.out.dir/Drivers/STM32G4xx_HAL_Driver/Src/stm32g4xx_hal_pwr_ex.c.obj
HAL_PWREx_EnterSTOP0Mode                          CMakeFiles/ZUMO-ROBOT.out.dir/Drivers/STM32G4xx_HAL_Driver/Src/stm32g4xx_hal_pwr_ex.c.obj
                                                  CMakeFiles/ZUMO-ROBOT.out.dir/Drivers/STM32G4xx_HAL_Driver/Src/stm32g4xx_hal_pwr.c.obj
HAL_PWREx_EnterSTOP1Mode                          CMakeFiles/ZUMO-ROBOT.out.dir/Drivers/STM32G4xx_HAL_Driver/Src/stm32g4xx_hal_pwr_ex.c.obj
                                                  CMakeFiles/ZUMO-ROBOT.out.dir/Drivers/STM32G4xx_HAL_Driver/Src/stm32g4xx_hal_pwr.c.obj
HAL_PWREx_GetVoltageRange                         CMakeFiles/ZUMO-ROBOT.out.dir/Drivers/STM32G4xx_HAL_Driver/Src/stm32g4xx_hal_pwr_ex.c.obj
HAL_PWREx_PVD_PVM_IRQHandler                      CMakeFiles/ZUMO-ROBOT.out.dir/Drivers/STM32G4xx_HAL_Driver/Src/stm32g4xx_hal_pwr_ex.c.obj
HAL_PWREx_PVM1Callback                            CMakeFiles/ZUMO-ROBOT.out.dir/Drivers/STM32G4xx_HAL_Driver/Src/stm32g4xx_hal_pwr_ex.c.obj
HAL_PWREx_PVM2Callback                            CMakeFiles/ZUMO-ROBOT.out.dir/Drivers/STM32G4xx_HAL_Driver/Src/stm32g4xx_hal_pwr_ex.c.obj
HAL_PWREx_PVM3Callback                            CMakeFiles/ZUMO-ROBOT.out.dir/Drivers/STM32G4xx_HAL_Driver/Src/stm32g4xx_hal_pwr_ex.c.obj
HAL_PWREx_PVM4Callback                            CMakeFiles/ZUMO-ROBOT.out.dir/Drivers/STM32G4xx_HAL_Driver/Src/stm32g4xx_hal_pwr_ex.c.obj
HAL_PWR_ConfigPVD                                 CMakeFiles/ZUMO-ROBOT.out.dir/Drivers/STM32G4xx_HAL_Driver/Src/stm32g4xx_hal_pwr.c.obj
HAL_PWR_DeInit                                    CMakeFiles/ZUMO-ROBOT.out.dir/Drivers/STM32G4xx_HAL_Driver/Src/stm32g4xx_hal_pwr.c.obj
HAL_PWR_DisableBkUpAccess                         CMakeFiles/ZUMO-ROBOT.out.dir/Drivers/STM32G4xx_HAL_Driver/Src/stm32g4xx_hal_pwr.c.obj
                                                  CMakeFiles/ZUMO-ROBOT.out.dir/Drivers/STM32G4xx_HAL_Driver/Src/stm32g4xx_hal_rcc_ex.c.obj
HAL_PWR_DisablePVD                                CMakeFiles/ZUMO-ROBOT.out.dir/Drivers/STM32G4xx_HAL_Driver/Src/stm32g4xx_hal_pwr.c.obj
HAL_PWR_DisableSEVOnPend                          CMakeFiles/ZUMO-ROBOT.out.dir/Drivers/STM32G4xx_HAL_Driver/Src/stm32g4xx_hal_pwr.c.obj
HAL_PWR_DisableSleepOnExit                        CMakeFiles/ZUMO-ROBOT.out.dir/Drivers/STM32G4xx_HAL_Driver/Src/stm32g4xx_hal_pwr.c.obj
HAL_PWR_DisableWakeUpPin                          CMakeFiles/ZUMO-ROBOT.out.dir/Drivers/STM32G4xx_HAL_Driver/Src/stm32g4xx_hal_pwr.c.obj
HAL_PWR_EnableBkUpAccess                          CMakeFiles/ZUMO-ROBOT.out.dir/Drivers/STM32G4xx_HAL_Driver/Src/stm32g4xx_hal_pwr.c.obj
                                                  CMakeFiles/ZUMO-ROBOT.out.dir/Drivers/STM32G4xx_HAL_Driver/Src/stm32g4xx_hal_rcc_ex.c.obj
HAL_PWR_EnablePVD                                 CMakeFiles/ZUMO-ROBOT.out.dir/Drivers/STM32G4xx_HAL_Driver/Src/stm32g4xx_hal_pwr.c.obj
HAL_PWR_EnableSEVOnPend                           CMakeFiles/ZUMO-ROBOT.out.dir/Drivers/STM32G4xx_HAL_Driver/Src/stm32g4xx_hal_pwr.c.obj
HAL_PWR_EnableSleepOnExit                         CMakeFiles/ZUMO-ROBOT.out.dir/Drivers/STM32G4xx_HAL_Driver/Src/stm32g4xx_hal_pwr.c.obj
HAL_PWR_EnableWakeUpPin                           CMakeFiles/ZUMO-ROBOT.out.dir/Drivers/STM32G4xx_HAL_Driver/Src/stm32g4xx_hal_pwr.c.obj
HAL_PWR_EnterSLEEPMode                            CMakeFiles/ZUMO-ROBOT.out.dir/Drivers/STM32G4xx_HAL_Driver/Src/stm32g4xx_hal_pwr.c.obj
HAL_PWR_EnterSTANDBYMode                          CMakeFiles/ZUMO-ROBOT.out.dir/Drivers/STM32G4xx_HAL_Driver/Src/stm32g4xx_hal_pwr.c.obj
HAL_PWR_EnterSTOPMode                             CMakeFiles/ZUMO-ROBOT.out.dir/Drivers/STM32G4xx_HAL_Driver/Src/stm32g4xx_hal_pwr.c.obj
HAL_PWR_PVDCallback                               CMakeFiles/ZUMO-ROBOT.out.dir/Drivers/STM32G4xx_HAL_Driver/Src/stm32g4xx_hal_pwr.c.obj
                                                  CMakeFiles/ZUMO-ROBOT.out.dir/Drivers/STM32G4xx_HAL_Driver/Src/stm32g4xx_hal_pwr_ex.c.obj
HAL_RCCEx_CRSConfig                               CMakeFiles/ZUMO-ROBOT.out.dir/Drivers/STM32G4xx_HAL_Driver/Src/stm32g4xx_hal_rcc_ex.c.obj
HAL_RCCEx_CRSGetSynchronizationInfo               CMakeFiles/ZUMO-ROBOT.out.dir/Drivers/STM32G4xx_HAL_Driver/Src/stm32g4xx_hal_rcc_ex.c.obj
HAL_RCCEx_CRSSoftwareSynchronizationGenerate      CMakeFiles/ZUMO-ROBOT.out.dir/Drivers/STM32G4xx_HAL_Driver/Src/stm32g4xx_hal_rcc_ex.c.obj
HAL_RCCEx_CRSWaitSynchronization                  CMakeFiles/ZUMO-ROBOT.out.dir/Drivers/STM32G4xx_HAL_Driver/Src/stm32g4xx_hal_rcc_ex.c.obj
HAL_RCCEx_CRS_ErrorCallback                       CMakeFiles/ZUMO-ROBOT.out.dir/Drivers/STM32G4xx_HAL_Driver/Src/stm32g4xx_hal_rcc_ex.c.obj
HAL_RCCEx_CRS_ExpectedSyncCallback                CMakeFiles/ZUMO-ROBOT.out.dir/Drivers/STM32G4xx_HAL_Driver/Src/stm32g4xx_hal_rcc_ex.c.obj
HAL_RCCEx_CRS_IRQHandler                          CMakeFiles/ZUMO-ROBOT.out.dir/Drivers/STM32G4xx_HAL_Driver/Src/stm32g4xx_hal_rcc_ex.c.obj
HAL_RCCEx_CRS_SyncOkCallback                      CMakeFiles/ZUMO-ROBOT.out.dir/Drivers/STM32G4xx_HAL_Driver/Src/stm32g4xx_hal_rcc_ex.c.obj
HAL_RCCEx_CRS_SyncWarnCallback                    CMakeFiles/ZUMO-ROBOT.out.dir/Drivers/STM32G4xx_HAL_Driver/Src/stm32g4xx_hal_rcc_ex.c.obj
HAL_RCCEx_DisableLSCO                             CMakeFiles/ZUMO-ROBOT.out.dir/Drivers/STM32G4xx_HAL_Driver/Src/stm32g4xx_hal_rcc_ex.c.obj
HAL_RCCEx_DisableLSECSS                           CMakeFiles/ZUMO-ROBOT.out.dir/Drivers/STM32G4xx_HAL_Driver/Src/stm32g4xx_hal_rcc_ex.c.obj
HAL_RCCEx_EnableLSCO                              CMakeFiles/ZUMO-ROBOT.out.dir/Drivers/STM32G4xx_HAL_Driver/Src/stm32g4xx_hal_rcc_ex.c.obj
HAL_RCCEx_EnableLSECSS                            CMakeFiles/ZUMO-ROBOT.out.dir/Drivers/STM32G4xx_HAL_Driver/Src/stm32g4xx_hal_rcc_ex.c.obj
HAL_RCCEx_EnableLSECSS_IT                         CMakeFiles/ZUMO-ROBOT.out.dir/Drivers/STM32G4xx_HAL_Driver/Src/stm32g4xx_hal_rcc_ex.c.obj
HAL_RCCEx_GetPeriphCLKConfig                      CMakeFiles/ZUMO-ROBOT.out.dir/Drivers/STM32G4xx_HAL_Driver/Src/stm32g4xx_hal_rcc_ex.c.obj
HAL_RCCEx_GetPeriphCLKFreq                        CMakeFiles/ZUMO-ROBOT.out.dir/Drivers/STM32G4xx_HAL_Driver/Src/stm32g4xx_hal_rcc_ex.c.obj
HAL_RCCEx_LSECSS_Callback                         CMakeFiles/ZUMO-ROBOT.out.dir/Drivers/STM32G4xx_HAL_Driver/Src/stm32g4xx_hal_rcc_ex.c.obj
HAL_RCCEx_LSECSS_IRQHandler                       CMakeFiles/ZUMO-ROBOT.out.dir/Drivers/STM32G4xx_HAL_Driver/Src/stm32g4xx_hal_rcc_ex.c.obj
HAL_RCCEx_PeriphCLKConfig                         CMakeFiles/ZUMO-ROBOT.out.dir/Drivers/STM32G4xx_HAL_Driver/Src/stm32g4xx_hal_rcc_ex.c.obj
HAL_RCC_CSSCallback                               CMakeFiles/ZUMO-ROBOT.out.dir/Drivers/STM32G4xx_HAL_Driver/Src/stm32g4xx_hal_rcc.c.obj
HAL_RCC_ClockConfig                               CMakeFiles/ZUMO-ROBOT.out.dir/Drivers/STM32G4xx_HAL_Driver/Src/stm32g4xx_hal_rcc.c.obj
                                                  CMakeFiles/ZUMO-ROBOT.out.dir/Core/Src/main.c.obj
HAL_RCC_DeInit                                    CMakeFiles/ZUMO-ROBOT.out.dir/Drivers/STM32G4xx_HAL_Driver/Src/stm32g4xx_hal_rcc.c.obj
HAL_RCC_DisableLSECSS                             CMakeFiles/ZUMO-ROBOT.out.dir/Drivers/STM32G4xx_HAL_Driver/Src/stm32g4xx_hal_rcc.c.obj
HAL_RCC_EnableCSS                                 CMakeFiles/ZUMO-ROBOT.out.dir/Drivers/STM32G4xx_HAL_Driver/Src/stm32g4xx_hal_rcc.c.obj
HAL_RCC_EnableLSECSS                              CMakeFiles/ZUMO-ROBOT.out.dir/Drivers/STM32G4xx_HAL_Driver/Src/stm32g4xx_hal_rcc.c.obj
HAL_RCC_GetClockConfig                            CMakeFiles/ZUMO-ROBOT.out.dir/Drivers/STM32G4xx_HAL_Driver/Src/stm32g4xx_hal_rcc.c.obj
HAL_RCC_GetHCLKFreq                               CMakeFiles/ZUMO-ROBOT.out.dir/Drivers/STM32G4xx_HAL_Driver/Src/stm32g4xx_hal_rcc.c.obj
HAL_RCC_GetOscConfig                              CMakeFiles/ZUMO-ROBOT.out.dir/Drivers/STM32G4xx_HAL_Driver/Src/stm32g4xx_hal_rcc.c.obj
HAL_RCC_GetPCLK1Freq                              CMakeFiles/ZUMO-ROBOT.out.dir/Drivers/STM32G4xx_HAL_Driver/Src/stm32g4xx_hal_rcc.c.obj
                                                  CMakeFiles/ZUMO-ROBOT.out.dir/Drivers/STM32G4xx_HAL_Driver/Src/stm32g4xx_hal_rcc_ex.c.obj
HAL_RCC_GetPCLK2Freq                              CMakeFiles/ZUMO-ROBOT.out.dir/Drivers/STM32G4xx_HAL_Driver/Src/stm32g4xx_hal_rcc.c.obj
                                                  CMakeFiles/ZUMO-ROBOT.out.dir/Drivers/STM32G4xx_HAL_Driver/Src/stm32g4xx_hal_rcc_ex.c.obj
HAL_RCC_GetSysClockFreq                           CMakeFiles/ZUMO-ROBOT.out.dir/Drivers/STM32G4xx_HAL_Driver/Src/stm32g4xx_hal_rcc.c.obj
                                                  CMakeFiles/ZUMO-ROBOT.out.dir/Drivers/STM32G4xx_HAL_Driver/Src/stm32g4xx_hal_rcc_ex.c.obj
HAL_RCC_MCOConfig                                 CMakeFiles/ZUMO-ROBOT.out.dir/Drivers/STM32G4xx_HAL_Driver/Src/stm32g4xx_hal_rcc.c.obj
HAL_RCC_NMI_IRQHandler                            CMakeFiles/ZUMO-ROBOT.out.dir/Drivers/STM32G4xx_HAL_Driver/Src/stm32g4xx_hal_rcc.c.obj
HAL_RCC_OscConfig                                 CMakeFiles/ZUMO-ROBOT.out.dir/Drivers/STM32G4xx_HAL_Driver/Src/stm32g4xx_hal_rcc.c.obj
                                                  CMakeFiles/ZUMO-ROBOT.out.dir/Core/Src/main.c.obj
HAL_ResumeTick                                    CMakeFiles/ZUMO-ROBOT.out.dir/Drivers/STM32G4xx_HAL_Driver/Src/stm32g4xx_hal.c.obj
HAL_SYSCFG_CCMSRAMErase                           CMakeFiles/ZUMO-ROBOT.out.dir/Drivers/STM32G4xx_HAL_Driver/Src/stm32g4xx_hal.c.obj
HAL_SYSCFG_CCMSRAM_WriteProtectionEnable          CMakeFiles/ZUMO-ROBOT.out.dir/Drivers/STM32G4xx_HAL_Driver/Src/stm32g4xx_hal.c.obj
HAL_SYSCFG_DisableIOSwitchBooster                 CMakeFiles/ZUMO-ROBOT.out.dir/Drivers/STM32G4xx_HAL_Driver/Src/stm32g4xx_hal.c.obj
HAL_SYSCFG_DisableIOSwitchVDD                     CMakeFiles/ZUMO-ROBOT.out.dir/Drivers/STM32G4xx_HAL_Driver/Src/stm32g4xx_hal.c.obj
HAL_SYSCFG_DisableMemorySwappingBank              CMakeFiles/ZUMO-ROBOT.out.dir/Drivers/STM32G4xx_HAL_Driver/Src/stm32g4xx_hal.c.obj
HAL_SYSCFG_DisableVREFBUF                         CMakeFiles/ZUMO-ROBOT.out.dir/Drivers/STM32G4xx_HAL_Driver/Src/stm32g4xx_hal.c.obj
HAL_SYSCFG_EnableIOSwitchBooster                  CMakeFiles/ZUMO-ROBOT.out.dir/Drivers/STM32G4xx_HAL_Driver/Src/stm32g4xx_hal.c.obj
HAL_SYSCFG_EnableIOSwitchVDD                      CMakeFiles/ZUMO-ROBOT.out.dir/Drivers/STM32G4xx_HAL_Driver/Src/stm32g4xx_hal.c.obj
HAL_SYSCFG_EnableMemorySwappingBank               CMakeFiles/ZUMO-ROBOT.out.dir/Drivers/STM32G4xx_HAL_Driver/Src/stm32g4xx_hal.c.obj
HAL_SYSCFG_EnableVREFBUF                          CMakeFiles/ZUMO-ROBOT.out.dir/Drivers/STM32G4xx_HAL_Driver/Src/stm32g4xx_hal.c.obj
HAL_SYSCFG_VREFBUF_HighImpedanceConfig            CMakeFiles/ZUMO-ROBOT.out.dir/Drivers/STM32G4xx_HAL_Driver/Src/stm32g4xx_hal.c.obj
HAL_SYSCFG_VREFBUF_TrimmingConfig                 CMakeFiles/ZUMO-ROBOT.out.dir/Drivers/STM32G4xx_HAL_Driver/Src/stm32g4xx_hal.c.obj
HAL_SYSCFG_VREFBUF_VoltageScalingConfig           CMakeFiles/ZUMO-ROBOT.out.dir/Drivers/STM32G4xx_HAL_Driver/Src/stm32g4xx_hal.c.obj
HAL_SYSTICK_CLKSourceConfig                       CMakeFiles/ZUMO-ROBOT.out.dir/Drivers/STM32G4xx_HAL_Driver/Src/stm32g4xx_hal_cortex.c.obj
HAL_SYSTICK_Callback                              CMakeFiles/ZUMO-ROBOT.out.dir/Drivers/STM32G4xx_HAL_Driver/Src/stm32g4xx_hal_cortex.c.obj
HAL_SYSTICK_Config                                CMakeFiles/ZUMO-ROBOT.out.dir/Drivers/STM32G4xx_HAL_Driver/Src/stm32g4xx_hal_cortex.c.obj
                                                  CMakeFiles/ZUMO-ROBOT.out.dir/Drivers/STM32G4xx_HAL_Driver/Src/stm32g4xx_hal.c.obj
HAL_SYSTICK_IRQHandler                            CMakeFiles/ZUMO-ROBOT.out.dir/Drivers/STM32G4xx_HAL_Driver/Src/stm32g4xx_hal_cortex.c.obj
HAL_SetTickFreq                                   CMakeFiles/ZUMO-ROBOT.out.dir/Drivers/STM32G4xx_HAL_Driver/Src/stm32g4xx_hal.c.obj
HAL_SuspendTick                                   CMakeFiles/ZUMO-ROBOT.out.dir/Drivers/STM32G4xx_HAL_Driver/Src/stm32g4xx_hal.c.obj
HRTIM1_FLT_IRQHandler                             CMakeFiles/ZUMO-ROBOT.out.dir/startup_stm32g474xx.s.obj
HRTIM1_Master_IRQHandler                          CMakeFiles/ZUMO-ROBOT.out.dir/startup_stm32g474xx.s.obj
HRTIM1_TIMA_IRQHandler                            CMakeFiles/ZUMO-ROBOT.out.dir/startup_stm32g474xx.s.obj
HRTIM1_TIMB_IRQHandler                            CMakeFiles/ZUMO-ROBOT.out.dir/startup_stm32g474xx.s.obj
HRTIM1_TIMC_IRQHandler                            CMakeFiles/ZUMO-ROBOT.out.dir/startup_stm32g474xx.s.obj
HRTIM1_TIMD_IRQHandler                            CMakeFiles/ZUMO-ROBOT.out.dir/startup_stm32g474xx.s.obj
HRTIM1_TIME_IRQHandler                            CMakeFiles/ZUMO-ROBOT.out.dir/startup_stm32g474xx.s.obj
HRTIM1_TIMF_IRQHandler                            CMakeFiles/ZUMO-ROBOT.out.dir/startup_stm32g474xx.s.obj
HardFault_Handler                                 CMakeFiles/ZUMO-ROBOT.out.dir/Core/Src/stm32g4xx_it.c.obj
I2C1_ER_IRQHandler                                CMakeFiles/ZUMO-ROBOT.out.dir/startup_stm32g474xx.s.obj
I2C1_EV_IRQHandler                                CMakeFiles/ZUMO-ROBOT.out.dir/startup_stm32g474xx.s.obj
I2C2_ER_IRQHandler                                CMakeFiles/ZUMO-ROBOT.out.dir/startup_stm32g474xx.s.obj
I2C2_EV_IRQHandler                                CMakeFiles/ZUMO-ROBOT.out.dir/startup_stm32g474xx.s.obj
I2C3_ER_IRQHandler                                CMakeFiles/ZUMO-ROBOT.out.dir/startup_stm32g474xx.s.obj
I2C3_EV_IRQHandler                                CMakeFiles/ZUMO-ROBOT.out.dir/startup_stm32g474xx.s.obj
I2C4_ER_IRQHandler                                CMakeFiles/ZUMO-ROBOT.out.dir/startup_stm32g474xx.s.obj
I2C4_EV_IRQHandler                                CMakeFiles/ZUMO-ROBOT.out.dir/startup_stm32g474xx.s.obj
LPTIM1_IRQHandler                                 CMakeFiles/ZUMO-ROBOT.out.dir/startup_stm32g474xx.s.obj
LPUART1_IRQHandler                                CMakeFiles/ZUMO-ROBOT.out.dir/startup_stm32g474xx.s.obj
MemManage_Handler                                 CMakeFiles/ZUMO-ROBOT.out.dir/Core/Src/stm32g4xx_it.c.obj
NMI_Handler                                       CMakeFiles/ZUMO-ROBOT.out.dir/Core/Src/stm32g4xx_it.c.obj
PVD_PVM_IRQHandler                                CMakeFiles/ZUMO-ROBOT.out.dir/startup_stm32g474xx.s.obj
PendSV_Handler                                    CMakeFiles/ZUMO-ROBOT.out.dir/Core/Src/stm32g4xx_it.c.obj
QUADSPI_IRQHandler                                CMakeFiles/ZUMO-ROBOT.out.dir/startup_stm32g474xx.s.obj
RCC_IRQHandler                                    CMakeFiles/ZUMO-ROBOT.out.dir/startup_stm32g474xx.s.obj
RNG_IRQHandler                                    CMakeFiles/ZUMO-ROBOT.out.dir/startup_stm32g474xx.s.obj
RTC_Alarm_IRQHandler                              CMakeFiles/ZUMO-ROBOT.out.dir/startup_stm32g474xx.s.obj
RTC_TAMP_LSECSS_IRQHandler                        CMakeFiles/ZUMO-ROBOT.out.dir/startup_stm32g474xx.s.obj
RTC_WKUP_IRQHandler                               CMakeFiles/ZUMO-ROBOT.out.dir/startup_stm32g474xx.s.obj
Reset_Handler                                     CMakeFiles/ZUMO-ROBOT.out.dir/startup_stm32g474xx.s.obj
SAI1_IRQHandler                                   CMakeFiles/ZUMO-ROBOT.out.dir/startup_stm32g474xx.s.obj
SPI1_IRQHandler                                   CMakeFiles/ZUMO-ROBOT.out.dir/startup_stm32g474xx.s.obj
SPI2_IRQHandler                                   CMakeFiles/ZUMO-ROBOT.out.dir/startup_stm32g474xx.s.obj
SPI3_IRQHandler                                   CMakeFiles/ZUMO-ROBOT.out.dir/startup_stm32g474xx.s.obj
SPI4_IRQHandler                                   CMakeFiles/ZUMO-ROBOT.out.dir/startup_stm32g474xx.s.obj
SVC_Handler                                       CMakeFiles/ZUMO-ROBOT.out.dir/Core/Src/stm32g4xx_it.c.obj
SysTick_Handler                                   CMakeFiles/ZUMO-ROBOT.out.dir/Core/Src/stm32g4xx_it.c.obj
SystemClock_Config                                CMakeFiles/ZUMO-ROBOT.out.dir/Core/Src/main.c.obj
SystemCoreClock                                   CMakeFiles/ZUMO-ROBOT.out.dir/Core/Src/system_stm32g4xx.c.obj
                                                  CMakeFiles/ZUMO-ROBOT.out.dir/Drivers/STM32G4xx_HAL_Driver/Src/stm32g4xx_hal.c.obj
                                                  CMakeFiles/ZUMO-ROBOT.out.dir/Drivers/STM32G4xx_HAL_Driver/Src/stm32g4xx_hal_pwr_ex.c.obj
                                                  CMakeFiles/ZUMO-ROBOT.out.dir/Drivers/STM32G4xx_HAL_Driver/Src/stm32g4xx_hal_flash_ramfunc.c.obj
                                                  CMakeFiles/ZUMO-ROBOT.out.dir/Drivers/STM32G4xx_HAL_Driver/Src/stm32g4xx_hal_rcc.c.obj
SystemCoreClockUpdate                             CMakeFiles/ZUMO-ROBOT.out.dir/Core/Src/system_stm32g4xx.c.obj
SystemInit                                        CMakeFiles/ZUMO-ROBOT.out.dir/Core/Src/system_stm32g4xx.c.obj
                                                  CMakeFiles/ZUMO-ROBOT.out.dir/startup_stm32g474xx.s.obj
TIM1_BRK_TIM15_IRQHandler                         CMakeFiles/ZUMO-ROBOT.out.dir/startup_stm32g474xx.s.obj
TIM1_CC_IRQHandler                                CMakeFiles/ZUMO-ROBOT.out.dir/startup_stm32g474xx.s.obj
TIM1_TRG_COM_TIM17_IRQHandler                     CMakeFiles/ZUMO-ROBOT.out.dir/startup_stm32g474xx.s.obj
TIM1_UP_TIM16_IRQHandler                          CMakeFiles/ZUMO-ROBOT.out.dir/startup_stm32g474xx.s.obj
TIM20_BRK_IRQHandler                              CMakeFiles/ZUMO-ROBOT.out.dir/startup_stm32g474xx.s.obj
TIM20_CC_IRQHandler                               CMakeFiles/ZUMO-ROBOT.out.dir/startup_stm32g474xx.s.obj
TIM20_TRG_COM_IRQHandler                          CMakeFiles/ZUMO-ROBOT.out.dir/startup_stm32g474xx.s.obj
TIM20_UP_IRQHandler                               CMakeFiles/ZUMO-ROBOT.out.dir/startup_stm32g474xx.s.obj
TIM2_IRQHandler                                   CMakeFiles/ZUMO-ROBOT.out.dir/startup_stm32g474xx.s.obj
TIM3_IRQHandler                                   CMakeFiles/ZUMO-ROBOT.out.dir/startup_stm32g474xx.s.obj
TIM4_IRQHandler                                   CMakeFiles/ZUMO-ROBOT.out.dir/startup_stm32g474xx.s.obj
TIM5_IRQHandler                                   CMakeFiles/ZUMO-ROBOT.out.dir/startup_stm32g474xx.s.obj
TIM6_DAC_IRQHandler                               CMakeFiles/ZUMO-ROBOT.out.dir/startup_stm32g474xx.s.obj
TIM7_DAC_IRQHandler                               CMakeFiles/ZUMO-ROBOT.out.dir/startup_stm32g474xx.s.obj
TIM8_BRK_IRQHandler                               CMakeFiles/ZUMO-ROBOT.out.dir/startup_stm32g474xx.s.obj
TIM8_CC_IRQHandler                                CMakeFiles/ZUMO-ROBOT.out.dir/startup_stm32g474xx.s.obj
TIM8_TRG_COM_IRQHandler                           CMakeFiles/ZUMO-ROBOT.out.dir/startup_stm32g474xx.s.obj
TIM8_UP_IRQHandler                                CMakeFiles/ZUMO-ROBOT.out.dir/startup_stm32g474xx.s.obj
UART4_IRQHandler                                  CMakeFiles/ZUMO-ROBOT.out.dir/startup_stm32g474xx.s.obj
UART5_IRQHandler                                  CMakeFiles/ZUMO-ROBOT.out.dir/startup_stm32g474xx.s.obj
UCPD1_IRQHandler                                  CMakeFiles/ZUMO-ROBOT.out.dir/startup_stm32g474xx.s.obj
USART1_IRQHandler                                 CMakeFiles/ZUMO-ROBOT.out.dir/startup_stm32g474xx.s.obj
USART2_IRQHandler                                 CMakeFiles/ZUMO-ROBOT.out.dir/startup_stm32g474xx.s.obj
USART3_IRQHandler                                 CMakeFiles/ZUMO-ROBOT.out.dir/startup_stm32g474xx.s.obj
USBWakeUp_IRQHandler                              CMakeFiles/ZUMO-ROBOT.out.dir/startup_stm32g474xx.s.obj
USB_HP_IRQHandler                                 CMakeFiles/ZUMO-ROBOT.out.dir/startup_stm32g474xx.s.obj
USB_LP_IRQHandler                                 CMakeFiles/ZUMO-ROBOT.out.dir/startup_stm32g474xx.s.obj
UsageFault_Handler                                CMakeFiles/ZUMO-ROBOT.out.dir/Core/Src/stm32g4xx_it.c.obj
WWDG_IRQHandler                                   CMakeFiles/ZUMO-ROBOT.out.dir/startup_stm32g474xx.s.obj
__atexit_recursive_mutex                          c:/program files (x86)/gnu arm embedded toolchain/10 2021.10/bin/../lib/gcc/arm-none-eabi/10.3.1/../../../../arm-none-eabi/lib/thumb/v7e-m+fp/hard\libc.a(lib_a-__call_atexit.o)
                                                  c:/program files (x86)/gnu arm embedded toolchain/10 2021.10/bin/../lib/gcc/arm-none-eabi/10.3.1/../../../../arm-none-eabi/lib/thumb/v7e-m+fp/hard\libc.a(lib_a-__atexit.o)
__bss_end__                                       c:/program files (x86)/gnu arm embedded toolchain/10 2021.10/bin/../lib/gcc/arm-none-eabi/10.3.1/../../../../arm-none-eabi/lib/thumb/v7e-m+fp/hard/crt0.o
__bss_start__                                     c:/program files (x86)/gnu arm embedded toolchain/10 2021.10/bin/../lib/gcc/arm-none-eabi/10.3.1/../../../../arm-none-eabi/lib/thumb/v7e-m+fp/hard/crt0.o
__call_exitprocs                                  c:/program files (x86)/gnu arm embedded toolchain/10 2021.10/bin/../lib/gcc/arm-none-eabi/10.3.1/../../../../arm-none-eabi/lib/thumb/v7e-m+fp/hard\libc.a(lib_a-__call_atexit.o)
                                                  c:/program files (x86)/gnu arm embedded toolchain/10 2021.10/bin/../lib/gcc/arm-none-eabi/10.3.1/../../../../arm-none-eabi/lib/thumb/v7e-m+fp/hard\libc.a(lib_a-exit.o)
__deregister_frame_info                           c:/program files (x86)/gnu arm embedded toolchain/10 2021.10/bin/../lib/gcc/arm-none-eabi/10.3.1/thumb/v7e-m+fp/hard/crtbegin.o
__dso_handle                                      c:/program files (x86)/gnu arm embedded toolchain/10 2021.10/bin/../lib/gcc/arm-none-eabi/10.3.1/thumb/v7e-m+fp/hard/crtbegin.o
__fini_array_end                                  c:/program files (x86)/gnu arm embedded toolchain/10 2021.10/bin/../lib/gcc/arm-none-eabi/10.3.1/../../../../arm-none-eabi/lib/thumb/v7e-m+fp/hard\libc.a(lib_a-fini.o)
__fini_array_start                                c:/program files (x86)/gnu arm embedded toolchain/10 2021.10/bin/../lib/gcc/arm-none-eabi/10.3.1/../../../../arm-none-eabi/lib/thumb/v7e-m+fp/hard\libc.a(lib_a-fini.o)
__init_array_end                                  c:/program files (x86)/gnu arm embedded toolchain/10 2021.10/bin/../lib/gcc/arm-none-eabi/10.3.1/../../../../arm-none-eabi/lib/thumb/v7e-m+fp/hard\libc.a(lib_a-init.o)
__init_array_start                                c:/program files (x86)/gnu arm embedded toolchain/10 2021.10/bin/../lib/gcc/arm-none-eabi/10.3.1/../../../../arm-none-eabi/lib/thumb/v7e-m+fp/hard\libc.a(lib_a-init.o)
__libc_fini                                       c:/program files (x86)/gnu arm embedded toolchain/10 2021.10/bin/../lib/gcc/arm-none-eabi/10.3.1/../../../../arm-none-eabi/lib/thumb/v7e-m+fp/hard\libc.a(lib_a-__call_atexit.o)
__libc_fini_array                                 c:/program files (x86)/gnu arm embedded toolchain/10 2021.10/bin/../lib/gcc/arm-none-eabi/10.3.1/../../../../arm-none-eabi/lib/thumb/v7e-m+fp/hard\libc.a(lib_a-fini.o)
                                                  c:/program files (x86)/gnu arm embedded toolchain/10 2021.10/bin/../lib/gcc/arm-none-eabi/10.3.1/../../../../arm-none-eabi/lib/thumb/v7e-m+fp/hard\libc.a(lib_a-__call_atexit.o)
                                                  c:/program files (x86)/gnu arm embedded toolchain/10 2021.10/bin/../lib/gcc/arm-none-eabi/10.3.1/../../../../arm-none-eabi/lib/thumb/v7e-m+fp/hard/crt0.o
__libc_init_array                                 c:/program files (x86)/gnu arm embedded toolchain/10 2021.10/bin/../lib/gcc/arm-none-eabi/10.3.1/../../../../arm-none-eabi/lib/thumb/v7e-m+fp/hard\libc.a(lib_a-init.o)
                                                  CMakeFiles/ZUMO-ROBOT.out.dir/startup_stm32g474xx.s.obj
                                                  c:/program files (x86)/gnu arm embedded toolchain/10 2021.10/bin/../lib/gcc/arm-none-eabi/10.3.1/../../../../arm-none-eabi/lib/thumb/v7e-m+fp/hard/crt0.o
__lock___arc4random_mutex                         c:/program files (x86)/gnu arm embedded toolchain/10 2021.10/bin/../lib/gcc/arm-none-eabi/10.3.1/../../../../arm-none-eabi/lib/thumb/v7e-m+fp/hard\libc.a(lib_a-lock.o)
__lock___at_quick_exit_mutex                      c:/program files (x86)/gnu arm embedded toolchain/10 2021.10/bin/../lib/gcc/arm-none-eabi/10.3.1/../../../../arm-none-eabi/lib/thumb/v7e-m+fp/hard\libc.a(lib_a-lock.o)
__lock___atexit_recursive_mutex                   c:/program files (x86)/gnu arm embedded toolchain/10 2021.10/bin/../lib/gcc/arm-none-eabi/10.3.1/../../../../arm-none-eabi/lib/thumb/v7e-m+fp/hard\libc.a(lib_a-lock.o)
                                                  c:/program files (x86)/gnu arm embedded toolchain/10 2021.10/bin/../lib/gcc/arm-none-eabi/10.3.1/../../../../arm-none-eabi/lib/thumb/v7e-m+fp/hard\libc.a(lib_a-__call_atexit.o)
__lock___dd_hash_mutex                            c:/program files (x86)/gnu arm embedded toolchain/10 2021.10/bin/../lib/gcc/arm-none-eabi/10.3.1/../../../../arm-none-eabi/lib/thumb/v7e-m+fp/hard\libc.a(lib_a-lock.o)
__lock___env_recursive_mutex                      c:/program files (x86)/gnu arm embedded toolchain/10 2021.10/bin/../lib/gcc/arm-none-eabi/10.3.1/../../../../arm-none-eabi/lib/thumb/v7e-m+fp/hard\libc.a(lib_a-lock.o)
__lock___malloc_recursive_mutex                   c:/program files (x86)/gnu arm embedded toolchain/10 2021.10/bin/../lib/gcc/arm-none-eabi/10.3.1/../../../../arm-none-eabi/lib/thumb/v7e-m+fp/hard\libc.a(lib_a-lock.o)
__lock___sfp_recursive_mutex                      c:/program files (x86)/gnu arm embedded toolchain/10 2021.10/bin/../lib/gcc/arm-none-eabi/10.3.1/../../../../arm-none-eabi/lib/thumb/v7e-m+fp/hard\libc.a(lib_a-lock.o)
__lock___sinit_recursive_mutex                    c:/program files (x86)/gnu arm embedded toolchain/10 2021.10/bin/../lib/gcc/arm-none-eabi/10.3.1/../../../../arm-none-eabi/lib/thumb/v7e-m+fp/hard\libc.a(lib_a-lock.o)
__lock___tz_mutex                                 c:/program files (x86)/gnu arm embedded toolchain/10 2021.10/bin/../lib/gcc/arm-none-eabi/10.3.1/../../../../arm-none-eabi/lib/thumb/v7e-m+fp/hard\libc.a(lib_a-lock.o)
__preinit_array_end                               c:/program files (x86)/gnu arm embedded toolchain/10 2021.10/bin/../lib/gcc/arm-none-eabi/10.3.1/../../../../arm-none-eabi/lib/thumb/v7e-m+fp/hard\libc.a(lib_a-init.o)
__preinit_array_start                             c:/program files (x86)/gnu arm embedded toolchain/10 2021.10/bin/../lib/gcc/arm-none-eabi/10.3.1/../../../../arm-none-eabi/lib/thumb/v7e-m+fp/hard\libc.a(lib_a-init.o)
__register_exitproc                               c:/program files (x86)/gnu arm embedded toolchain/10 2021.10/bin/../lib/gcc/arm-none-eabi/10.3.1/../../../../arm-none-eabi/lib/thumb/v7e-m+fp/hard\libc.a(lib_a-__atexit.o)
                                                  c:/program files (x86)/gnu arm embedded toolchain/10 2021.10/bin/../lib/gcc/arm-none-eabi/10.3.1/../../../../arm-none-eabi/lib/thumb/v7e-m+fp/hard\libc.a(lib_a-atexit.o)
__register_frame_info                             c:/program files (x86)/gnu arm embedded toolchain/10 2021.10/bin/../lib/gcc/arm-none-eabi/10.3.1/thumb/v7e-m+fp/hard/crtbegin.o
__retarget_lock_acquire                           c:/program files (x86)/gnu arm embedded toolchain/10 2021.10/bin/../lib/gcc/arm-none-eabi/10.3.1/../../../../arm-none-eabi/lib/thumb/v7e-m+fp/hard\libc.a(lib_a-lock.o)
__retarget_lock_acquire_recursive                 c:/program files (x86)/gnu arm embedded toolchain/10 2021.10/bin/../lib/gcc/arm-none-eabi/10.3.1/../../../../arm-none-eabi/lib/thumb/v7e-m+fp/hard\libc.a(lib_a-lock.o)
                                                  c:/program files (x86)/gnu arm embedded toolchain/10 2021.10/bin/../lib/gcc/arm-none-eabi/10.3.1/../../../../arm-none-eabi/lib/thumb/v7e-m+fp/hard\libc.a(lib_a-__atexit.o)
                                                  c:/program files (x86)/gnu arm embedded toolchain/10 2021.10/bin/../lib/gcc/arm-none-eabi/10.3.1/../../../../arm-none-eabi/lib/thumb/v7e-m+fp/hard\libc.a(lib_a-__call_atexit.o)
__retarget_lock_close                             c:/program files (x86)/gnu arm embedded toolchain/10 2021.10/bin/../lib/gcc/arm-none-eabi/10.3.1/../../../../arm-none-eabi/lib/thumb/v7e-m+fp/hard\libc.a(lib_a-lock.o)
__retarget_lock_close_recursive                   c:/program files (x86)/gnu arm embedded toolchain/10 2021.10/bin/../lib/gcc/arm-none-eabi/10.3.1/../../../../arm-none-eabi/lib/thumb/v7e-m+fp/hard\libc.a(lib_a-lock.o)
__retarget_lock_init                              c:/program files (x86)/gnu arm embedded toolchain/10 2021.10/bin/../lib/gcc/arm-none-eabi/10.3.1/../../../../arm-none-eabi/lib/thumb/v7e-m+fp/hard\libc.a(lib_a-lock.o)